Archive member included to satisfy reference by file (symbol)

C:/ST/STM32CubeIDE_1.17.0/STM32CubeIDE/plugins/com.st.stm32cube.ide.mcu.externaltools.gnu-tools-for-stm32.12.3.rel1.win32_1.1.0.202410251130/tools/bin/../lib/gcc/arm-none-eabi/12.3.1/../../../../arm-none-eabi/lib/thumb/v7e-m+fp/hard\libc_nano.a(libc_a-exit.o)
                              C:/ST/STM32CubeIDE_1.17.0/STM32CubeIDE/plugins/com.st.stm32cube.ide.mcu.externaltools.gnu-tools-for-stm32.12.3.rel1.win32_1.1.0.202410251130/tools/bin/../lib/gcc/arm-none-eabi/12.3.1/../../../../arm-none-eabi/lib/thumb/v7e-m+fp/hard/crt0.o (exit)
C:/ST/STM32CubeIDE_1.17.0/STM32CubeIDE/plugins/com.st.stm32cube.ide.mcu.externaltools.gnu-tools-for-stm32.12.3.rel1.win32_1.1.0.202410251130/tools/bin/../lib/gcc/arm-none-eabi/12.3.1/../../../../arm-none-eabi/lib/thumb/v7e-m+fp/hard\libc_nano.a(libc_a-findfp.o)
                              C:/ST/STM32CubeIDE_1.17.0/STM32CubeIDE/plugins/com.st.stm32cube.ide.mcu.externaltools.gnu-tools-for-stm32.12.3.rel1.win32_1.1.0.202410251130/tools/bin/../lib/gcc/arm-none-eabi/12.3.1/../../../../arm-none-eabi/lib/thumb/v7e-m+fp/hard\libc_nano.a(libc_a-exit.o) (__stdio_exit_handler)
C:/ST/STM32CubeIDE_1.17.0/STM32CubeIDE/plugins/com.st.stm32cube.ide.mcu.externaltools.gnu-tools-for-stm32.12.3.rel1.win32_1.1.0.202410251130/tools/bin/../lib/gcc/arm-none-eabi/12.3.1/../../../../arm-none-eabi/lib/thumb/v7e-m+fp/hard\libc_nano.a(libc_a-fwalk.o)
                              C:/ST/STM32CubeIDE_1.17.0/STM32CubeIDE/plugins/com.st.stm32cube.ide.mcu.externaltools.gnu-tools-for-stm32.12.3.rel1.win32_1.1.0.202410251130/tools/bin/../lib/gcc/arm-none-eabi/12.3.1/../../../../arm-none-eabi/lib/thumb/v7e-m+fp/hard\libc_nano.a(libc_a-findfp.o) (_fwalk_sglue)
C:/ST/STM32CubeIDE_1.17.0/STM32CubeIDE/plugins/com.st.stm32cube.ide.mcu.externaltools.gnu-tools-for-stm32.12.3.rel1.win32_1.1.0.202410251130/tools/bin/../lib/gcc/arm-none-eabi/12.3.1/../../../../arm-none-eabi/lib/thumb/v7e-m+fp/hard\libc_nano.a(libc_a-stdio.o)
                              C:/ST/STM32CubeIDE_1.17.0/STM32CubeIDE/plugins/com.st.stm32cube.ide.mcu.externaltools.gnu-tools-for-stm32.12.3.rel1.win32_1.1.0.202410251130/tools/bin/../lib/gcc/arm-none-eabi/12.3.1/../../../../arm-none-eabi/lib/thumb/v7e-m+fp/hard\libc_nano.a(libc_a-findfp.o) (__sread)
C:/ST/STM32CubeIDE_1.17.0/STM32CubeIDE/plugins/com.st.stm32cube.ide.mcu.externaltools.gnu-tools-for-stm32.12.3.rel1.win32_1.1.0.202410251130/tools/bin/../lib/gcc/arm-none-eabi/12.3.1/../../../../arm-none-eabi/lib/thumb/v7e-m+fp/hard\libc_nano.a(libc_a-memset.o)
                              C:/ST/STM32CubeIDE_1.17.0/STM32CubeIDE/plugins/com.st.stm32cube.ide.mcu.externaltools.gnu-tools-for-stm32.12.3.rel1.win32_1.1.0.202410251130/tools/bin/../lib/gcc/arm-none-eabi/12.3.1/../../../../arm-none-eabi/lib/thumb/v7e-m+fp/hard/crt0.o (memset)
C:/ST/STM32CubeIDE_1.17.0/STM32CubeIDE/plugins/com.st.stm32cube.ide.mcu.externaltools.gnu-tools-for-stm32.12.3.rel1.win32_1.1.0.202410251130/tools/bin/../lib/gcc/arm-none-eabi/12.3.1/../../../../arm-none-eabi/lib/thumb/v7e-m+fp/hard\libc_nano.a(libc_a-closer.o)
                              C:/ST/STM32CubeIDE_1.17.0/STM32CubeIDE/plugins/com.st.stm32cube.ide.mcu.externaltools.gnu-tools-for-stm32.12.3.rel1.win32_1.1.0.202410251130/tools/bin/../lib/gcc/arm-none-eabi/12.3.1/../../../../arm-none-eabi/lib/thumb/v7e-m+fp/hard\libc_nano.a(libc_a-stdio.o) (_close_r)
C:/ST/STM32CubeIDE_1.17.0/STM32CubeIDE/plugins/com.st.stm32cube.ide.mcu.externaltools.gnu-tools-for-stm32.12.3.rel1.win32_1.1.0.202410251130/tools/bin/../lib/gcc/arm-none-eabi/12.3.1/../../../../arm-none-eabi/lib/thumb/v7e-m+fp/hard\libc_nano.a(libc_a-reent.o)
                              C:/ST/STM32CubeIDE_1.17.0/STM32CubeIDE/plugins/com.st.stm32cube.ide.mcu.externaltools.gnu-tools-for-stm32.12.3.rel1.win32_1.1.0.202410251130/tools/bin/../lib/gcc/arm-none-eabi/12.3.1/../../../../arm-none-eabi/lib/thumb/v7e-m+fp/hard\libc_nano.a(libc_a-closer.o) (errno)
C:/ST/STM32CubeIDE_1.17.0/STM32CubeIDE/plugins/com.st.stm32cube.ide.mcu.externaltools.gnu-tools-for-stm32.12.3.rel1.win32_1.1.0.202410251130/tools/bin/../lib/gcc/arm-none-eabi/12.3.1/../../../../arm-none-eabi/lib/thumb/v7e-m+fp/hard\libc_nano.a(libc_a-impure.o)
                              C:/ST/STM32CubeIDE_1.17.0/STM32CubeIDE/plugins/com.st.stm32cube.ide.mcu.externaltools.gnu-tools-for-stm32.12.3.rel1.win32_1.1.0.202410251130/tools/bin/../lib/gcc/arm-none-eabi/12.3.1/../../../../arm-none-eabi/lib/thumb/v7e-m+fp/hard\libc_nano.a(libc_a-reent.o) (_impure_ptr)
C:/ST/STM32CubeIDE_1.17.0/STM32CubeIDE/plugins/com.st.stm32cube.ide.mcu.externaltools.gnu-tools-for-stm32.12.3.rel1.win32_1.1.0.202410251130/tools/bin/../lib/gcc/arm-none-eabi/12.3.1/../../../../arm-none-eabi/lib/thumb/v7e-m+fp/hard\libc_nano.a(libc_a-lseekr.o)
[...]
Memory Configuration

Name             Origin             Length             Attributes
CCMRAM           0x10000000         0x00010000         xrw
RAM              0x20000000         0x00020000         xrw
FLASH            0x08000000         0x00100000         xr
*default*        0x00000000         0xffffffff

Linker script and memory map

LOAD C:/ST/STM32CubeIDE_1.17.0/STM32CubeIDE/plugins/com.st.stm32cube.ide.mcu.externaltools.gnu-tools-for-stm32.12.3.rel1.win32_1.1.0.202410251130/tools/bin/../lib/gcc/arm-none-eabi/12.3.1/thumb/v7e-m+fp/hard/crti.o
LOAD C:/ST/STM32CubeIDE_1.17.0/STM32CubeIDE/plugins/com.st.stm32cube.ide.mcu.externaltools.gnu-tools-for-stm32.12.3.rel1.win32_1.1.0.202410251130/tools/bin/../lib/gcc/arm-none-eabi/12.3.1/thumb/v7e-m+fp/hard/crtbegin.o
LOAD C:/ST/STM32CubeIDE_1.17.0/STM32CubeIDE/plugins/com.st.stm32cube.ide.mcu.externaltools.gnu-tools-for-stm32.12.3.rel1.win32_1.1.0.202410251130/tools/bin/../lib/gcc/arm-none-eabi/12.3.1/../../../../arm-none-eabi/lib/thumb/v7e-m+fp/hard/crt0.o
LOAD ./Core/Src/esp32msghandler.o
LOAD ./Core/Src/main.o
LOAD ./Core/Src/modbusMaster.o
LOAD ./Core/Src/modbus_crc.o
LOAD ./Core/Src/stm32f4xx_hal_msp.o
LOAD ./Core/Src/stm32f4xx_it.o
LOAD ./Core/Src/syscalls.o
LOAD ./Core/Src/sysmem.o
LOAD ./Core/Src/system_stm32f4xx.o
LOAD ./Core/Startup/startup_stm32f407zgtx.o
LOAD ./Drivers/STM32F4xx_HAL_Driver/Src/stm32f4xx_hal.o
LOAD ./Drivers/STM32F4xx_HAL_Driver/Src/stm32f4xx_hal_cortex.o
LOAD ./Drivers/STM32F4xx_HAL_Driver/Src/stm32f4xx_hal_dma.o
LOAD ./Drivers/STM32F4xx_HAL_Driver/Src/stm32f4xx_hal_dma_ex.o
LOAD ./Drivers/STM32F4xx_HAL_Driver/Src/stm32f4xx_hal_exti.o
LOAD ./Drivers/STM32F4xx_HAL_Driver/Src/stm32f4xx_hal_flash.o
LOAD ./Drivers/STM32F4xx_HAL_Driver/Src/stm32f4xx_hal_flash_ex.o
LOAD ./Drivers/STM32F4xx_HAL_Driver/Src/stm32f4xx_hal_flash_ramfunc.o
LOAD ./Drivers/STM32F4xx_HAL_Driver/Src/stm32f4xx_hal_gpio.o
LOAD ./Drivers/STM32F4xx_HAL_Driver/Src/stm32f4xx_hal_pwr.o
LOAD ./Drivers/STM32F4xx_HAL_Driver/Src/stm32f4xx_hal_pwr_ex.o
LOAD ./Drivers/STM32F4xx_HAL_Driver/Src/stm32f4xx_hal_rcc.o
LOAD ./Drivers/STM32F4xx_HAL_Driver/Src/stm32f4xx_hal_rcc_ex.o
LOAD ./Drivers/STM32F4xx_HAL_Driver/Src/stm32f4xx_hal_spi.o
LOAD ./Drivers/STM32F4xx_HAL_Driver/Src/stm32f4xx_hal_uart.o
START GROUP
LOAD C:/ST/STM32CubeIDE_1.17.0/STM32CubeIDE/plugins/com.st.stm32cube.ide.mcu.externaltools.gnu-tools-for-stm32.12.3.rel1.win32_1.1.0.202410251130/tools/bin/../lib/gcc/arm-none-eabi/12.3.1/../../../../arm-none-eabi/lib/thumb/v7e-m+fp/hard\libc_nano.a
LOAD C:/ST/STM32CubeIDE_1.17.0/STM32CubeIDE/plugins/com.st.stm32cube.ide.mcu.externaltools.gnu-tools-for-stm32.12.3.rel1.win32_1.1.0.202410251130/tools/bin/../lib/gcc/arm-none-eabi/12.3.1/../../../../arm-none-eabi/lib/thumb/v7e-m+fp/hard\libm.a
END GROUP
START GROUP
LOAD C:/ST/STM32CubeIDE_1.17.0/STM32CubeIDE/plugins/com.st.stm32cube.ide.mcu.externaltools.gnu-tools-for-stm32.12.3.rel1.win32_1.1.0.202410251130/tools/bin/../lib/gcc/arm-none-eabi/12.3.1/thumb/v7e-m+fp/hard\libgcc.a
LOAD C:/ST/STM32CubeIDE_1.17.0/STM32CubeIDE/plugins/com.st.stm32cube.ide.mcu.externaltools.gnu-tools-for-stm32.12.3.rel1.win32_1.1.0.202410251130/tools/bin/../lib/gcc/arm-none-eabi/12.3.1/../../../../arm-none-eabi/lib/thumb/v7e-m+fp/hard\libc_nano.a
END GROUP
START GROUP
LOAD C:/ST/STM32CubeIDE_1.17.0/STM32CubeIDE/plugins/com.st.stm32cube.ide.mcu.externaltools.gnu-tools-for-stm32.12.3.rel1.win32_1.1.0.202410251130/tools/bin/../lib/gcc/arm-none-eabi/12.3.1/thumb/v7e-m+fp/hard\libgcc.a
LOAD C:/ST/STM32CubeIDE_1.17.0/STM32CubeIDE/plugins/com.st.stm32cube.ide.mcu.externaltools.gnu-tools-for-stm32.12.3.rel1.win32_1.1.0.202410251130/tools/bin/../lib/gcc/arm-none-eabi/12.3.1/../../../../arm-none-eabi/lib/thumb/v7e-m+fp/hard\libc_nano.a
LOAD C:/ST/STM32CubeIDE_1.17.0/STM32CubeIDE/plugins/com.st.stm32cube.ide.mcu.externaltools.gnu-tools-for-stm32.12.3.rel1.win32_1.1.0.202410251130/tools/bin/../lib/gcc/arm-none-eabi/12.3.1/../../../../arm-none-eabi/lib/thumb/v7e-m+fp/hard\libnosys.a
END GROUP
START GROUP
LOAD C:/ST/STM32CubeIDE_1.17.0/STM32CubeIDE/plugins/com.st.stm32cube.ide.mcu.externaltools.gnu-tools-for-stm32.12.3.rel1.win32_1.1.0.202410251130/tools/bin/../lib/gcc/arm-none-eabi/12.3.1/thumb/v7e-m+fp/hard\libgcc.a
LOAD C:/ST/STM32CubeIDE_1.17.0/STM32CubeIDE/plugins/com.st.stm32cube.ide.mcu.externaltools.gnu-tools-for-stm32.12.3.rel1.win32_1.1.0.202410251130/tools/bin/../lib/gcc/arm-none-eabi/12.3.1/../../../../arm-none-eabi/lib/thumb/v7e-m+fp/hard\libc_nano.a
LOAD C:/ST/STM32CubeIDE_1.17.0/STM32CubeIDE/plugins/com.st.stm32cube.ide.mcu.externaltools.gnu-tools-for-stm32.12.3.rel1.win32_1.1.0.202410251130/tools/bin/../lib/gcc/arm-none-eabi/12.3.1/../../../../arm-none-eabi/lib/thumb/v7e-m+fp/hard\libnosys.a
END GROUP
LOAD C:/ST/STM32CubeIDE_1.17.0/STM32CubeIDE/plugins/com.st.stm32cube.ide.mcu.externaltools.gnu-tools-for-stm32.12.3.rel1.win32_1.1.0.202410251130/tools/bin/../lib/gcc/arm-none-eabi/12.3.1/thumb/v7e-m+fp/hard/crtend.o
LOAD C:/ST/STM32CubeIDE_1.17.0/STM32CubeIDE/plugins/com.st.stm32cube.ide.mcu.externaltools.gnu-tools-for-stm32.12.3.rel1.win32_1.1.0.202410251130/tools/bin/../lib/gcc/arm-none-eabi/12.3.1/thumb/v7e-m+fp/hard/crtn.o
                0x20020000                        _estack = (ORIGIN (RAM) + LENGTH (RAM))
                0x00000200                        _Min_Heap_Size = 0x200
                0x00000400                        _Min_Stack_Size = 0x400

.isr_vector     0x08000000      0x188
                0x08000000                        . = ALIGN (0x4)
 *(.isr_vector)
 .isr_vector    0x08000000      0x188 ./Core/Startup/startup_stm32f407zgtx.o
                0x08000000                g_pfnVectors
                0x08000188                        . = ALIGN (0x4)

.text           0x08000188     0x4214
                0x08000188                        . = ALIGN (0x4)
 *(.text)
 .text          0x08000188       0x40 C:/ST/STM32CubeIDE_1.17.0/STM32CubeIDE/plugins/com.st.stm32cube.ide.mcu.externaltools.gnu-tools-for-stm32.12.3.rel1.win32_1.1.0.202410251130/tools/bin/../lib/gcc/arm-none-eabi/12.3.1/thumb/v7e-m+fp/hard/crtbegin.o
 .text          0x080001c8       0x30 C:/ST/STM32CubeIDE_1.17.0/STM32CubeIDE/plugins/com.st.stm32cube.ide.mcu.externaltools.gnu-tools-for-stm32.12.3.rel1.win32_1.1.0.202410251130/tools/bin/../lib/gcc/arm-none-eabi/12.3.1/thumb/v7e-m+fp/hard\libgcc.a(_aeabi_uldivmod.o)
                0x080001c8                __aeabi_uldivmod
 .text          0x080001f8      0x2bc C:/ST/STM32CubeIDE_1.17.0/STM32CubeIDE/plugins/com.st.stm32cube.ide.mcu.externaltools.gnu-tools-for-stm32.12.3.rel1.win32_1.1.0.202410251130/tools/bin/../lib/gcc/arm-none-eabi/12.3.1/thumb/v7e-m+fp/hard\libgcc.a(_udivmoddi4.o)
                0x080001f8                __udivmoddi4
 .text          0x080004b4        0x4 C:/ST/STM32CubeIDE_1.17.0/STM32CubeIDE/plugins/com.st.stm32cube.ide.mcu.externaltools.gnu-tools-for-stm32.12.3.rel1.win32_1.1.0.202410251130/tools/bin/../lib/gcc/arm-none-eabi/12.3.1/thumb/v7e-m+fp/hard\libgcc.a(_dvmd_tls.o)
                0x080004b4                __aeabi_idiv0
                0x080004b4                __aeabi_ldiv0
 *(.text*)
 .text.ESP32MsgHandler_ReadRegister
                0x080004b8       0xec ./Core/Src/esp32msghandler.o
                0x080004b8                ESP32MsgHandler_ReadRegister
 .text.ESP32MsgHandler_MultipleReadRegister
                0x080005a4      0x1fc ./Core/Src/esp32msghandler.o
                0x080005a4                ESP32MsgHandler_MultipleReadRegister
 .text.ESP32MsgHandler_WriteRegister
                0x080007a0       0x70 ./Core/Src/esp32msghandler.o
                0x080007a0                ESP32MsgHandler_WriteRegister
 .text.ESP32MsgHandler_Init
                0x08000810       0x28 ./Core/Src/esp32msghandler.o
                0x08000810                ESP32MsgHandler_Init
 .text.ESP32MsgHandler_Task
                0x08000838      0x330 ./Core/Src/esp32msghandler.o
                0x08000838                ESP32MsgHandler_Task
 .text.main     0x08000b68       0x78 ./Core/Src/main.o
                0x08000b68                main
 .text.SystemClock_Config
                0x08000be0       0xd4 ./Core/Src/main.o
                0x08000be0                SystemClock_Config
 .text.MX_SPI2_Init
                0x08000cb4       0x6c ./Core/Src/main.o
 .text.MX_USART1_UART_Init
                0x08000d20       0x54 ./Core/Src/main.o
 .text.MX_USART3_UART_Init
                0x08000d74       0x54 ./Core/Src/main.o
 .text.MX_DMA_Init
                0x08000dc8       0x8c ./Core/Src/main.o
 .text.MX_GPIO_Init
                0x08000e54      0x134 ./Core/Src/main.o
 .text.Error_Handler
                0x08000f88        0xc ./Core/Src/main.o
                0x08000f88                Error_Handler
 .text.Modbus_Init
                0x08000f94       0x5a ./Core/Src/modbusMaster.o
                0x08000f94                Modbus_Init
 .text.Modbus_SendRequest
                0x08000fee       0xba ./Core/Src/modbusMaster.o
 .text.Modbus_ReadHoldingRegisters
                0x080010a8       0xe8 ./Core/Src/modbusMaster.o
                0x080010a8                Modbus_ReadHoldingRegisters
 .text.Modbus_WriteSingleRegister
                0x08001190       0x86 ./Core/Src/modbusMaster.o
                0x08001190                Modbus_WriteSingleRegister
 .text.Modbus_WriteSingleCoil
                0x08001216       0x96 ./Core/Src/modbusMaster.o
                0x08001216                Modbus_WriteSingleCoil
 .text.Modbus_ReadCoils
                0x080012ac       0xd0 ./Core/Src/modbusMaster.o
                0x080012ac                Modbus_ReadCoils
 .text.Modbus_ReadDiscreteInputs
                0x0800137c       0xd0 ./Core/Src/modbusMaster.o
                0x0800137c                Modbus_ReadDiscreteInputs
 .text.Modbus_ReadInputRegisters
                0x0800144c       0xf8 ./Core/Src/modbusMaster.o
                0x0800144c                Modbus_ReadInputRegisters
 .text.crc16    0x08001544       0x6c ./Core/Src/modbus_crc.o
                0x08001544                crc16
 .text.HAL_MspInit
                0x080015b0       0x50 ./Core/Src/stm32f4xx_hal_msp.o
                0x080015b0                HAL_MspInit
 .text.HAL_SPI_MspInit
                0x08001600       0x90 ./Core/Src/stm32f4xx_hal_msp.o
                0x08001600                HAL_SPI_MspInit
 .text.HAL_UART_MspInit
                0x08001690      0x2c0 ./Core/Src/stm32f4xx_hal_msp.o
                0x08001690                HAL_UART_MspInit
 .text.NMI_Handler
                0x08001950        0x8 ./Core/Src/stm32f4xx_it.o
                0x08001950                NMI_Handler
 .text.HardFault_Handler
                0x08001958        0x8 ./Core/Src/stm32f4xx_it.o
                0x08001958                HardFault_Handler
 .text.MemManage_Handler
                0x08001960        0x8 ./Core/Src/stm32f4xx_it.o
                0x08001960                MemManage_Handler
 .text.BusFault_Handler
                0x08001968        0x8 ./Core/Src/stm32f4xx_it.o
                0x08001968                BusFault_Handler
 .text.UsageFault_Handler
                0x08001970        0x8 ./Core/Src/stm32f4xx_it.o
                0x08001970                UsageFault_Handler
 .text.SVC_Handler
                0x08001978        0xe ./Core/Src/stm32f4xx_it.o
                0x08001978                SVC_Handler
 .text.DebugMon_Handler
                0x08001986        0xe ./Core/Src/stm32f4xx_it.o
                0x08001986                DebugMon_Handler
 .text.PendSV_Handler
                0x08001994        0xe ./Core/Src/stm32f4xx_it.o
                0x08001994                PendSV_Handler
 .text.SysTick_Handler
                0x080019a2        0xc ./Core/Src/stm32f4xx_it.o
                0x080019a2                SysTick_Handler
 *fill*         0x080019ae        0x2 
 .text.DMA1_Stream1_IRQHandler
                0x080019b0       0x14 ./Core/Src/stm32f4xx_it.o
                0x080019b0                DMA1_Stream1_IRQHandler
 .text.DMA1_Stream3_IRQHandler
                0x080019c4       0x14 ./Core/Src/stm32f4xx_it.o
                0x080019c4                DMA1_Stream3_IRQHandler
 .text.USART1_IRQHandler
                0x080019d8       0x14 ./Core/Src/stm32f4xx_it.o
                0x080019d8                USART1_IRQHandler
 .text.USART3_IRQHandler
                0x080019ec       0x14 ./Core/Src/stm32f4xx_it.o
                0x080019ec                USART3_IRQHandler
 .text.DMA2_Stream2_IRQHandler
                0x08001a00       0x14 ./Core/Src/stm32f4xx_it.o
                0x08001a00                DMA2_Stream2_IRQHandler
 .text.DMA2_Stream7_IRQHandler
                0x08001a14       0x14 ./Core/Src/stm32f4xx_it.o
                0x08001a14                DMA2_Stream7_IRQHandler
 .text.SystemInit
                0x08001a28       0x24 ./Core/Src/system_stm32f4xx.o
                0x08001a28                SystemInit
 .text.Reset_Handler
                0x08001a4c       0x50 ./Core/Startup/startup_stm32f407zgtx.o
                0x08001a4c                Reset_Handler
 .text.Default_Handler
                0x08001a9c        0x2 ./Core/Startup/startup_stm32f407zgtx.o
                0x08001a9c                RTC_Alarm_IRQHandler
                0x08001a9c                HASH_RNG_IRQHandler
                0x08001a9c                EXTI2_IRQHandler
                0x08001a9c                TIM8_CC_IRQHandler
                0x08001a9c                TIM1_CC_IRQHandler
                0x08001a9c                DMA2_Stream5_IRQHandler
                0x08001a9c                DMA1_Stream5_IRQHandler
                0x08001a9c                PVD_IRQHandler
                0x08001a9c                SDIO_IRQHandler
                0x08001a9c                TAMP_STAMP_IRQHandler
                0x08001a9c                CAN2_RX1_IRQHandler
                0x08001a9c                EXTI3_IRQHandler
                0x08001a9c                TIM8_TRG_COM_TIM14_IRQHandler
                0x08001a9c                TIM1_UP_TIM10_IRQHandler
                0x08001a9c                TIM8_UP_TIM13_IRQHandler
                0x08001a9c                I2C3_ER_IRQHandler
                0x08001a9c                EXTI0_IRQHandler
                0x08001a9c                I2C2_EV_IRQHandler
                0x08001a9c                DMA1_Stream2_IRQHandler
                0x08001a9c                CAN1_RX0_IRQHandler
                0x08001a9c                FPU_IRQHandler
                0x08001a9c                OTG_HS_WKUP_IRQHandler
                0x08001a9c                CAN2_SCE_IRQHandler
                0x08001a9c                SPI1_IRQHandler
                0x08001a9c                TIM6_DAC_IRQHandler
                0x08001a9c                TIM1_BRK_TIM9_IRQHandler
                0x08001a9c                DCMI_IRQHandler
                0x08001a9c                CAN2_RX0_IRQHandler
                0x08001a9c                DMA2_Stream3_IRQHandler
                0x08001a9c                USART6_IRQHandler
                0x08001a9c                CAN1_RX1_IRQHandler
                0x08001a9c                UART5_IRQHandler
                0x08001a9c                DMA2_Stream0_IRQHandler
                0x08001a9c                TIM4_IRQHandler
                0x08001a9c                I2C1_EV_IRQHandler
                0x08001a9c                DMA1_Stream6_IRQHandler
                0x08001a9c                UART4_IRQHandler
                0x08001a9c                TIM3_IRQHandler
                0x08001a9c                RCC_IRQHandler
                0x08001a9c                TIM8_BRK_TIM12_IRQHandler
                0x08001a9c                Default_Handler
                0x08001a9c                EXTI15_10_IRQHandler
                0x08001a9c                ADC_IRQHandler
                0x08001a9c                DMA1_Stream7_IRQHandler
                0x08001a9c                TIM7_IRQHandler
                0x08001a9c                CAN2_TX_IRQHandler
                0x08001a9c                TIM5_IRQHandler
                0x08001a9c                I2C3_EV_IRQHandler
                0x08001a9c                EXTI9_5_IRQHandler
                0x08001a9c                RTC_WKUP_IRQHandler
                0x08001a9c                ETH_WKUP_IRQHandler
                0x08001a9c                SPI2_IRQHandler
                0x08001a9c                OTG_HS_EP1_IN_IRQHandler
                0x08001a9c                DMA1_Stream0_IRQHandler
                0x08001a9c                CAN1_TX_IRQHandler
                0x08001a9c                EXTI4_IRQHandler
                0x08001a9c                FSMC_IRQHandler
                0x08001a9c                ETH_IRQHandler
                0x08001a9c                OTG_HS_EP1_OUT_IRQHandler
                0x08001a9c                WWDG_IRQHandler
                0x08001a9c                TIM2_IRQHandler
                0x08001a9c                OTG_FS_WKUP_IRQHandler
                0x08001a9c                TIM1_TRG_COM_TIM11_IRQHandler
                0x08001a9c                OTG_HS_IRQHandler
                0x08001a9c                EXTI1_IRQHandler
                0x08001a9c                USART2_IRQHandler
                0x08001a9c                I2C2_ER_IRQHandler
                0x08001a9c                DMA2_Stream1_IRQHandler
                0x08001a9c                CAN1_SCE_IRQHandler
                0x08001a9c                FLASH_IRQHandler
                0x08001a9c                DMA2_Stream4_IRQHandler
                0x08001a9c                OTG_FS_IRQHandler
                0x08001a9c                SPI3_IRQHandler
                0x08001a9c                DMA1_Stream4_IRQHandler
                0x08001a9c                I2C1_ER_IRQHandler
                0x08001a9c                DMA2_Stream6_IRQHandler
 *fill*         0x08001a9e        0x2 
 .text.HAL_Init
                0x08001aa0       0x44 ./Drivers/STM32F4xx_HAL_Driver/Src/stm32f4xx_hal.o
                0x08001aa0                HAL_Init
 .text.HAL_InitTick
                0x08001ae4       0x60 ./Drivers/STM32F4xx_HAL_Driver/Src/stm32f4xx_hal.o
                0x08001ae4                HAL_InitTick
 .text.HAL_IncTick
                0x08001b44       0x28 ./Drivers/STM32F4xx_HAL_Driver/Src/stm32f4xx_hal.o
                0x08001b44                HAL_IncTick
 .text.HAL_GetTick
                0x08001b6c       0x18 ./Drivers/STM32F4xx_HAL_Driver/Src/stm32f4xx_hal.o
                0x08001b6c                HAL_GetTick
 .text.__NVIC_SetPriorityGrouping
                0x08001b84       0x48 ./Drivers/STM32F4xx_HAL_Driver/Src/stm32f4xx_hal_cortex.o
 .text.__NVIC_GetPriorityGrouping
                0x08001bcc       0x1c ./Drivers/STM32F4xx_HAL_Driver/Src/stm32f4xx_hal_cortex.o
 .text.__NVIC_EnableIRQ
                0x08001be8       0x3c ./Drivers/STM32F4xx_HAL_Driver/Src/stm32f4xx_hal_cortex.o
 .text.__NVIC_SetPriority
                0x08001c24       0x54 ./Drivers/STM32F4xx_HAL_Driver/Src/stm32f4xx_hal_cortex.o
 .text.NVIC_EncodePriority
                0x08001c78       0x66 ./Drivers/STM32F4xx_HAL_Driver/Src/stm32f4xx_hal_cortex.o
 *fill*         0x08001cde        0x2 
 .text.SysTick_Config
                0x08001ce0       0x44 ./Drivers/STM32F4xx_HAL_Driver/Src/stm32f4xx_hal_cortex.o
 .text.HAL_NVIC_SetPriorityGrouping
                0x08001d24       0x16 ./Drivers/STM32F4xx_HAL_Driver/Src/stm32f4xx_hal_cortex.o
                0x08001d24                HAL_NVIC_SetPriorityGrouping
 .text.HAL_NVIC_SetPriority
                0x08001d3a       0x38 ./Drivers/STM32F4xx_HAL_Driver/Src/stm32f4xx_hal_cortex.o
                0x08001d3a                HAL_NVIC_SetPriority
 .text.HAL_NVIC_EnableIRQ
                0x08001d72       0x1c ./Drivers/STM32F4xx_HAL_Driver/Src/stm32f4xx_hal_cortex.o
                0x08001d72                HAL_NVIC_EnableIRQ
 .text.HAL_SYSTICK_Config
                0x08001d8e       0x18 ./Drivers/STM32F4xx_HAL_Driver/Src/stm32f4xx_hal_cortex.o
                0x08001d8e                HAL_SYSTICK_Config
 *fill*         0x08001da6        0x2 
 .text.HAL_DMA_Init
                0x08001da8      0x15c ./Drivers/STM32F4xx_HAL_Driver/Src/stm32f4xx_hal_dma.o
                0x08001da8                HAL_DMA_Init
 .text.HAL_DMA_Abort
                0x08001f04       0xe0 ./Drivers/STM32F4xx_HAL_Driver/Src/stm32f4xx_hal_dma.o
                0x08001f04                HAL_DMA_Abort
 .text.HAL_DMA_Abort_IT
                0x08001fe4       0x44 ./Drivers/STM32F4xx_HAL_Driver/Src/stm32f4xx_hal_dma.o
                0x08001fe4                HAL_DMA_Abort_IT
 .text.HAL_DMA_IRQHandler
                0x08002028      0x314 ./Drivers/STM32F4xx_HAL_Driver/Src/stm32f4xx_hal_dma.o
                0x08002028                HAL_DMA_IRQHandler
 .text.DMA_CalcBaseAndBitshift
                0x0800233c       0x6c ./Drivers/STM32F4xx_HAL_Driver/Src/stm32f4xx_hal_dma.o
 .text.DMA_CheckFifoParam
                0x080023a8       0xf8 ./Drivers/STM32F4xx_HAL_Driver/Src/stm32f4xx_hal_dma.o
 .text.HAL_GPIO_Init
                0x080024a0      0x338 ./Drivers/STM32F4xx_HAL_Driver/Src/stm32f4xx_hal_gpio.o
                0x080024a0                HAL_GPIO_Init
 .text.HAL_GPIO_WritePin
                0x080027d8       0x32 ./Drivers/STM32F4xx_HAL_Driver/Src/stm32f4xx_hal_gpio.o
                0x080027d8                HAL_GPIO_WritePin
 *fill*         0x0800280a        0x2 
 .text.HAL_RCC_OscConfig
                0x0800280c      0x4f0 ./Drivers/STM32F4xx_HAL_Driver/Src/stm32f4xx_hal_rcc.o
                0x0800280c                HAL_RCC_OscConfig
 .text.HAL_RCC_ClockConfig
                0x08002cfc      0x1cc ./Drivers/STM32F4xx_HAL_Driver/Src/stm32f4xx_hal_rcc.o
                0x08002cfc                HAL_RCC_ClockConfig
 .text.HAL_RCC_GetSysClockFreq
                0x08002ec8      0x18c ./Drivers/STM32F4xx_HAL_Driver/Src/stm32f4xx_hal_rcc.o
                0x08002ec8                HAL_RCC_GetSysClockFreq
 .text.HAL_RCC_GetHCLKFreq
                0x08003054       0x18 ./Drivers/STM32F4xx_HAL_Driver/Src/stm32f4xx_hal_rcc.o
                0x08003054                HAL_RCC_GetHCLKFreq
 .text.HAL_RCC_GetPCLK1Freq
                0x0800306c       0x28 ./Drivers/STM32F4xx_HAL_Driver/Src/stm32f4xx_hal_rcc.o
                0x0800306c                HAL_RCC_GetPCLK1Freq
 .text.HAL_RCC_GetPCLK2Freq
                0x08003094       0x28 ./Drivers/STM32F4xx_HAL_Driver/Src/stm32f4xx_hal_rcc.o
                0x08003094                HAL_RCC_GetPCLK2Freq
 .text.HAL_SPI_Init
                0x080030bc      0x112 ./Drivers/STM32F4xx_HAL_Driver/Src/stm32f4xx_hal_spi.o
                0x080030bc                HAL_SPI_Init
 .text.HAL_UART_Init
                0x080031ce       0xa0 ./Drivers/STM32F4xx_HAL_Driver/Src/stm32f4xx_hal_uart.o
                0x080031ce                HAL_UART_Init
 .text.HAL_UART_Transmit
                0x0800326e      0x116 ./Drivers/STM32F4xx_HAL_Driver/Src/stm32f4xx_hal_uart.o
                0x0800326e                HAL_UART_Transmit
 .text.HAL_UART_Receive
                0x08003384      0x12e ./Drivers/STM32F4xx_HAL_Driver/Src/stm32f4xx_hal_uart.o
                0x08003384                HAL_UART_Receive
 *fill*         0x080034b2        0x2 
 .text.HAL_UART_IRQHandler
                0x080034b4      0x554 ./Drivers/STM32F4xx_HAL_Driver/Src/stm32f4xx_hal_uart.o
                0x080034b4                HAL_UART_IRQHandler
 .text.HAL_UART_TxCpltCallback
                0x08003a08       0x14 ./Drivers/STM32F4xx_HAL_Driver/Src/stm32f4xx_hal_uart.o
                0x08003a08                HAL_UART_TxCpltCallback
 .text.HAL_UART_RxCpltCallback
                0x08003a1c       0x14 ./Drivers/STM32F4xx_HAL_Driver/Src/stm32f4xx_hal_uart.o
                0x08003a1c                HAL_UART_RxCpltCallback
 .text.HAL_UART_ErrorCallback
                0x08003a30       0x14 ./Drivers/STM32F4xx_HAL_Driver/Src/stm32f4xx_hal_uart.o
                0x08003a30                HAL_UART_ErrorCallback
 .text.HAL_UARTEx_RxEventCallback
                0x08003a44       0x18 ./Drivers/STM32F4xx_HAL_Driver/Src/stm32f4xx_hal_uart.o
                0x08003a44                HAL_UARTEx_RxEventCallback
 .text.UART_WaitOnFlagUntilTimeout
                0x08003a5c       0xb2 ./Drivers/STM32F4xx_HAL_Driver/Src/stm32f4xx_hal_uart.o
 .text.UART_EndRxTransfer
                0x08003b0e       0xc6 ./Drivers/STM32F4xx_HAL_Driver/Src/stm32f4xx_hal_uart.o
 .text.UART_DMAAbortOnError
                0x08003bd4       0x22 ./Drivers/STM32F4xx_HAL_Driver/Src/stm32f4xx_hal_uart.o
 .text.UART_Transmit_IT
                0x08003bf6       0xa0 ./Drivers/STM32F4xx_HAL_Driver/Src/stm32f4xx_hal_uart.o
 .text.UART_EndTransmit_IT
                0x08003c96       0x30 ./Drivers/STM32F4xx_HAL_Driver/Src/stm32f4xx_hal_uart.o
 .text.UART_Receive_IT
                0x08003cc6      0x17c ./Drivers/STM32F4xx_HAL_Driver/Src/stm32f4xx_hal_uart.o
 *fill*         0x08003e42        0x2 
 .text.UART_SetConfig
                0x08003e44      0x4e8 ./Drivers/STM32F4xx_HAL_Driver/Src/stm32f4xx_hal_uart.o
 .text.memset   0x0800432c       0x10 C:/ST/STM32CubeIDE_1.17.0/STM32CubeIDE/plugins/com.st.stm32cube.ide.mcu.externaltools.gnu-tools-for-stm32.12.3.rel1.win32_1.1.0.202410251130/tools/bin/../lib/gcc/arm-none-eabi/12.3.1/../../../../arm-none-eabi/lib/thumb/v7e-m+fp/hard\libc_nano.a(libc_a-memset.o)
                0x0800432c                memset
 .text.__libc_init_array
                0x0800433c       0x48 C:/ST/STM32CubeIDE_1.17.0/STM32CubeIDE/plugins/com.st.stm32cube.ide.mcu.externaltools.gnu-tools-for-stm32.12.3.rel1.win32_1.1.0.202410251130/tools/bin/../lib/gcc/arm-none-eabi/12.3.1/../../../../arm-none-eabi/lib/thumb/v7e-m+fp/hard\libc_nano.a(libc_a-init.o)
                0x0800433c                __libc_init_array
 *(.glue_7)
 .glue_7        0x08004384        0x0 linker stubs
 *(.glue_7t)
 .glue_7t       0x08004384        0x0 linker stubs
 *(.eh_frame)
 .eh_frame      0x08004384        0x0 C:/ST/STM32CubeIDE_1.17.0/STM32CubeIDE/plugins/com.st.stm32cube.ide.mcu.externaltools.gnu-tools-for-stm32.12.3.rel1.win32_1.1.0.202410251130/tools/bin/../lib/gcc/arm-none-eabi/12.3.1/thumb/v7e-m+fp/hard/crtbegin.o
 *(.init)
 .init          0x08004384        0x4 C:/ST/STM32CubeIDE_1.17.0/STM32CubeIDE/plugins/com.st.stm32cube.ide.mcu.externaltools.gnu-tools-for-stm32.12.3.rel1.win32_1.1.0.202410251130/tools/bin/../lib/gcc/arm-none-eabi/12.3.1/thumb/v7e-m+fp/hard/crti.o
                0x08004384                _init
 .init          0x08004388        0x8 C:/ST/STM32CubeIDE_1.17.0/STM32CubeIDE/plugins/com.st.stm32cube.ide.mcu.externaltools.gnu-tools-for-stm32.12.3.rel1.win32_1.1.0.202410251130/tools/bin/../lib/gcc/arm-none-eabi/12.3.1/thumb/v7e-m+fp/hard/crtn.o
 *(.fini)
 .fini          0x08004390        0x4 C:/ST/STM32CubeIDE_1.17.0/STM32CubeIDE/plugins/com.st.stm32cube.ide.mcu.externaltools.gnu-tools-for-stm32.12.3.rel1.win32_1.1.0.202410251130/tools/bin/../lib/gcc/arm-none-eabi/12.3.1/thumb/v7e-m+fp/hard/crti.o
                0x08004390                _fini
 .fini          0x08004394        0x8 C:/ST/STM32CubeIDE_1.17.0/STM32CubeIDE/plugins/com.st.stm32cube.ide.mcu.externaltools.gnu-tools-for-stm32.12.3.rel1.win32_1.1.0.202410251130/tools/bin/../lib/gcc/arm-none-eabi/12.3.1/thumb/v7e-m+fp/hard/crtn.o
                0x0800439c                        . = ALIGN (0x4)
                0x0800439c                        _etext = .

.vfp11_veneer   0x0800439c        0x0
 .vfp11_veneer  0x0800439c        0x0 linker stubs

.v4_bx          0x0800439c        0x0
 .v4_bx         0x0800439c        0x0 linker stubs

.iplt           0x0800439c        0x0
 .iplt          0x0800439c        0x0 C:/ST/STM32CubeIDE_1.17.0/STM32CubeIDE/plugins/com.st.stm32cube.ide.mcu.externaltools.gnu-tools-for-stm32.12.3.rel1.win32_1.1.0.202410251130/tools/bin/../lib/gcc/arm-none-eabi/12.3.1/thumb/v7e-m+fp/hard/crtbegin.o

.rodata         0x0800439c      0x220
                0x0800439c                        . = ALIGN (0x4)
 *(.rodata)
 *(.rodata*)
 .rodata.table_crc_hi
                0x0800439c      0x100 ./Core/Src/modbus_crc.o
 .rodata.table_crc_lo
                0x0800449c      0x100 ./Core/Src/modbus_crc.o
 .rodata.AHBPrescTable
                0x0800459c       0x10 ./Core/Src/system_stm32f4xx.o
                0x0800459c                AHBPrescTable
 .rodata.APBPrescTable
                0x080045ac        0x8 ./Core/Src/system_stm32f4xx.o
                0x080045ac                APBPrescTable
 .rodata.flagBitshiftOffset.0
                0x080045b4        0x8 ./Drivers/STM32F4xx_HAL_Driver/Src/stm32f4xx_hal_dma.o
                0x080045bc                        . = ALIGN (0x4)

.ARM.extab      0x080045bc        0x0
                0x080045bc                        . = ALIGN (0x4)
 *(.ARM.extab* .gnu.linkonce.armextab.*)
                0x080045bc                        . = ALIGN (0x4)

.ARM            0x080045bc        0x8
                0x080045bc                        . = ALIGN (0x4)
                0x080045bc                        __exidx_start = .
 *(.ARM.exidx*)
 .ARM.exidx     0x080045bc        0x8 C:/ST/STM32CubeIDE_1.17.0/STM32CubeIDE/plugins/com.st.stm32cube.ide.mcu.externaltools.gnu-tools-for-stm32.12.3.rel1.win32_1.1.0.202410251130/tools/bin/../lib/gcc/arm-none-eabi/12.3.1/thumb/v7e-m+fp/hard\libgcc.a(_udivmoddi4.o)
                0x080045c4                        __exidx_end = .
                0x080045c4                        . = ALIGN (0x4)

.preinit_array  0x080045c4        0x0
                0x080045c4                        . = ALIGN (0x4)
                0x080045c4                        PROVIDE (__preinit_array_start = .)
 *(.preinit_array*)
                0x080045c4                        PROVIDE (__preinit_array_end = .)
                0x080045c4                        . = ALIGN (0x4)

.init_array     0x080045c4        0x4
                0x080045c4                        . = ALIGN (0x4)
                0x080045c4                        PROVIDE (__init_array_start = .)
 *(SORT_BY_NAME(.init_array.*))
 *(.init_array*)
 .init_array    0x080045c4        0x4 C:/ST/STM32CubeIDE_1.17.0/STM32CubeIDE/plugins/com.st.stm32cube.ide.mcu.externaltools.gnu-tools-for-stm32.12.3.rel1.win32_1.1.0.202410251130/tools/bin/../lib/gcc/arm-none-eabi/12.3.1/thumb/v7e-m+fp/hard/crtbegin.o
                0x080045c8                        PROVIDE (__init_array_end = .)
                0x080045c8                        . = ALIGN (0x4)

.fini_array     0x080045c8        0x4
                0x080045c8                        . = ALIGN (0x4)
                [!provide]                        PROVIDE (__fini_array_start = .)
 *(SORT_BY_NAME(.fini_array.*))
 *(.fini_array*)
 .fini_array    0x080045c8        0x4 C:/ST/STM32CubeIDE_1.17.0/STM32CubeIDE/plugins/com.st.stm32cube.ide.mcu.externaltools.gnu-tools-for-stm32.12.3.rel1.win32_1.1.0.202410251130/tools/bin/../lib/gcc/arm-none-eabi/12.3.1/thumb/v7e-m+fp/hard/crtbegin.o
                [!provide]                        PROVIDE (__fini_array_end = .)
                0x080045cc                        . = ALIGN (0x4)
                0x080045cc                        _sidata = LOADADDR (.data)

.rel.dyn        0x080045cc        0x0
 .rel.iplt      0x080045cc        0x0 C:/ST/STM32CubeIDE_1.17.0/STM32CubeIDE/plugins/com.st.stm32cube.ide.mcu.externaltools.gnu-tools-for-stm32.12.3.rel1.win32_1.1.0.202410251130/tools/bin/../lib/gcc/arm-none-eabi/12.3.1/thumb/v7e-m+fp/hard/crtbegin.o

.data           0x20000000       0x10 load address 0x080045cc
                0x20000000                        . = ALIGN (0x4)
                0x20000000                        _sdata = .
 *(.data)
 *(.data*)
 .data.SlaveID  0x20000000        0x1 ./Core/Src/main.o
                0x20000000                SlaveID
 *fill*         0x20000001        0x3 
 .data.SystemCoreClock
                0x20000004        0x4 ./Core/Src/system_stm32f4xx.o
                0x20000004                SystemCoreClock
 .data.uwTickPrio
                0x20000008        0x4 ./Drivers/STM32F4xx_HAL_Driver/Src/stm32f4xx_hal.o
                0x20000008                uwTickPrio
 .data.uwTickFreq
                0x2000000c        0x1 ./Drivers/STM32F4xx_HAL_Driver/Src/stm32f4xx_hal.o
                0x2000000c                uwTickFreq
 *(.RamFunc)
 *(.RamFunc*)
                0x20000010                        . = ALIGN (0x4)
 *fill*         0x2000000d        0x3 
                0x20000010                        _edata = .
                0x080045dc                        _siccmram = LOADADDR (.ccmram)

.igot.plt       0x20000010        0x0 load address 0x080045dc
 .igot.plt      0x20000010        0x0 C:/ST/STM32CubeIDE_1.17.0/STM32CubeIDE/plugins/com.st.stm32cube.ide.mcu.externaltools.gnu-tools-for-stm32.12.3.rel1.win32_1.1.0.202410251130/tools/bin/../lib/gcc/arm-none-eabi/12.3.1/thumb/v7e-m+fp/hard/crtbegin.o

.ccmram         0x10000000        0x0 load address 0x080045dc
                0x10000000                        . = ALIGN (0x4)
                0x10000000                        _sccmram = .
 *(.ccmram)
 *(.ccmram*)
                0x10000000                        . = ALIGN (0x4)
                0x10000000                        _eccmram = .
                0x10000000                        . = ALIGN (0x4)

.bss            0x20000010      0x73c
                0x20000010                        _sbss = .
                0x20000010                        __bss_start__ = _sbss
 *(.bss)
 .bss           0x20000010       0x1c C:/ST/STM32CubeIDE_1.17.0/STM32CubeIDE/plugins/com.st.stm32cube.ide.mcu.externaltools.gnu-tools-for-stm32.12.3.rel1.win32_1.1.0.202410251130/tools/bin/../lib/gcc/arm-none-eabi/12.3.1/thumb/v7e-m+fp/hard/crtbegin.o
 *(.bss*)
 .bss.rxBuffer  0x2000002c       0x40 ./Core/Src/esp32msghandler.o
 .bss.rxIndex   0x2000006c        0x2 ./Core/Src/esp32msghandler.o
 *fill*         0x2000006e        0x2 
 .bss.esp32_uart
                0x20000070        0x4 ./Core/Src/esp32msghandler.o
 .bss.holdingReg
                0x20000074        0x2 ./Core/Src/esp32msghandler.o
                0x20000074                holdingReg
 .bss.inputReg  0x20000076        0x2 ./Core/Src/esp32msghandler.o
                0x20000076                inputReg
 .bss.coilVal   0x20000078        0x1 ./Core/Src/esp32msghandler.o
                0x20000078                coilVal
 .bss.inputVal  0x20000079        0x1 ./Core/Src/esp32msghandler.o
                0x20000079                inputVal
 .bss.statusModbus
                0x2000007a        0x1 ./Core/Src/esp32msghandler.o
                0x2000007a                statusModbus
 *fill*         0x2000007b        0x1 
 .bss.hspi2     0x2000007c       0x58 ./Core/Src/main.o
                0x2000007c                hspi2
 .bss.huart1    0x200000d4       0x48 ./Core/Src/main.o
                0x200000d4                huart1
 .bss.huart3    0x2000011c       0x48 ./Core/Src/main.o
                0x2000011c                huart3
 .bss.hdma_usart1_rx
                0x20000164       0x60 ./Core/Src/main.o
                0x20000164                hdma_usart1_rx
 .bss.hdma_usart1_tx
                0x200001c4       0x60 ./Core/Src/main.o
                0x200001c4                hdma_usart1_tx
 .bss.hdma_usart3_rx
                0x20000224       0x60 ./Core/Src/main.o
                0x20000224                hdma_usart3_rx
 .bss.hdma_usart3_tx
                0x20000284       0x60 ./Core/Src/main.o
                0x20000284                hdma_usart3_tx
 .bss.hmodbus   0x200002e4      0x20c ./Core/Src/main.o
                0x200002e4                hmodbus
 .bss.holdingRegisters
                0x200004f0       0xc8 ./Core/Src/main.o
                0x200004f0                holdingRegisters
 .bss.inputRegisters
                0x200005b8       0xc8 ./Core/Src/main.o
                0x200005b8                inputRegisters
 .bss.coils     0x20000680       0x64 ./Core/Src/main.o
                0x20000680                coils
 .bss.discreteInputs
                0x200006e4       0x64 ./Core/Src/main.o
                0x200006e4                discreteInputs
 .bss.uwTick    0x20000748        0x4 ./Drivers/STM32F4xx_HAL_Driver/Src/stm32f4xx_hal.o
                0x20000748                uwTick
 *(COMMON)
                0x2000074c                        . = ALIGN (0x4)
                0x2000074c                        _ebss = .
                0x2000074c                        __bss_end__ = _ebss

._user_heap_stack
                0x2000074c      0x604
                0x20000750                        . = ALIGN (0x8)
 *fill*         0x2000074c        0x4 
                [!provide]                        PROVIDE (end = .)
                0x20000750                        PROVIDE (_end = .)
                0x20000950                        . = (. + _Min_Heap_Size)
 *fill*         0x20000750      0x200 
                0x20000d50                        . = (. + _Min_Stack_Size)
 *fill*         0x20000950      0x400 
                0x20000d50                        . = ALIGN (0x8)

/DISCARD/
 libc.a(*)
 libm.a(*)
 libgcc.a(*)

.ARM.attributes
                0x00000000       0x30
 *(.ARM.attributes)
 .ARM.attributes
                0x00000000       0x22 C:/ST/STM32CubeIDE_1.17.0/STM32CubeIDE/plugins/com.st.stm32cube.ide.mcu.externaltools.gnu-tools-for-stm32.12.3.rel1.win32_1.1.0.202410251130/tools/bin/../lib/gcc/arm-none-eabi/12.3.1/thumb/v7e-m+fp/hard/crti.o
 .ARM.attributes
                0x00000022       0x34 C:/ST/STM32CubeIDE_1.17.0/STM32CubeIDE/plugins/com.st.stm32cube.ide.mcu.externaltools.gnu-tools-for-stm32.12.3.rel1.win32_1.1.0.202410251130/tools/bin/../lib/gcc/arm-none-eabi/12.3.1/thumb/v7e-m+fp/hard/crtbegin.o
 .ARM.attributes
                0x00000056       0x34 ./Core/Src/esp32msghandler.o
 .ARM.attributes
                0x0000008a       0x34 ./Core/Src/main.o
 .ARM.attributes
                0x000000be       0x34 ./Core/Src/modbusMaster.o
 .ARM.attributes
                0x000000f2       0x34 ./Core/Src/modbus_crc.o
 .ARM.attributes
                0x00000126       0x34 ./Core/Src/stm32f4xx_hal_msp.o
 .ARM.attributes
                0x0000015a       0x34 ./Core/Src/stm32f4xx_it.o
 .ARM.attributes
                0x0000018e       0x34 ./Core/Src/system_stm32f4xx.o
 .ARM.attributes
                0x000001c2       0x21 ./Core/Startup/startup_stm32f407zgtx.o
 .ARM.attributes
                0x000001e3       0x34 ./Drivers/STM32F4xx_HAL_Driver/Src/stm32f4xx_hal.o
 .ARM.attributes
                0x00000217       0x34 ./Drivers/STM32F4xx_HAL_Driver/Src/stm32f4xx_hal_cortex.o
 .ARM.attributes
                0x0000024b       0x34 ./Drivers/STM32F4xx_HAL_Driver/Src/stm32f4xx_hal_dma.o
 .ARM.attributes
                0x0000027f       0x34 ./Drivers/STM32F4xx_HAL_Driver/Src/stm32f4xx_hal_gpio.o
 .ARM.attributes
                0x000002b3       0x34 ./Drivers/STM32F4xx_HAL_Driver/Src/stm32f4xx_hal_rcc.o
 .ARM.attributes
                0x000002e7       0x34 ./Drivers/STM32F4xx_HAL_Driver/Src/stm32f4xx_hal_spi.o
 .ARM.attributes
                0x0000031b       0x34 ./Drivers/STM32F4xx_HAL_Driver/Src/stm32f4xx_hal_uart.o
 .ARM.attributes
                0x0000034f       0x34 C:/ST/STM32CubeIDE_1.17.0/STM32CubeIDE/plugins/com.st.stm32cube.ide.mcu.externaltools.gnu-tools-for-stm32.12.3.rel1.win32_1.1.0.202410251130/tools/bin/../lib/gcc/arm-none-eabi/12.3.1/../../../../arm-none-eabi/lib/thumb/v7e-m+fp/hard\libc_nano.a(libc_a-memset.o)
 .ARM.attributes
                0x00000383       0x34 C:/ST/STM32CubeIDE_1.17.0/STM32CubeIDE/plugins/com.st.stm32cube.ide.mcu.externaltools.gnu-tools-for-stm32.12.3.rel1.win32_1.1.0.202410251130/tools/bin/../lib/gcc/arm-none-eabi/12.3.1/../../../../arm-none-eabi/lib/thumb/v7e-m+fp/hard\libc_nano.a(libc_a-init.o)
 .ARM.attributes
                0x000003b7       0x22 C:/ST/STM32CubeIDE_1.17.0/STM32CubeIDE/plugins/com.st.stm32cube.ide.mcu.externaltools.gnu-tools-for-stm32.12.3.rel1.win32_1.1.0.202410251130/tools/bin/../lib/gcc/arm-none-eabi/12.3.1/thumb/v7e-m+fp/hard\libgcc.a(_aeabi_uldivmod.o)
 .ARM.attributes
                0x000003d9       0x34 C:/ST/STM32CubeIDE_1.17.0/STM32CubeIDE/plugins/com.st.stm32cube.ide.mcu.externaltools.gnu-tools-for-stm32.12.3.rel1.win32_1.1.0.202410251130/tools/bin/../lib/gcc/arm-none-eabi/12.3.1/thumb/v7e-m+fp/hard\libgcc.a(_udivmoddi4.o)
 .ARM.attributes
                0x0000040d       0x22 C:/ST/STM32CubeIDE_1.17.0/STM32CubeIDE/plugins/com.st.stm32cube.ide.mcu.externaltools.gnu-tools-for-stm32.12.3.rel1.win32_1.1.0.202410251130/tools/bin/../lib/gcc/arm-none-eabi/12.3.1/thumb/v7e-m+fp/hard\libgcc.a(_dvmd_tls.o)
 .ARM.attributes
                0x0000042f       0x22 C:/ST/STM32CubeIDE_1.17.0/STM32CubeIDE/plugins/com.st.stm32cube.ide.mcu.externaltools.gnu-tools-for-stm32.12.3.rel1.win32_1.1.0.202410251130/tools/bin/../lib/gcc/arm-none-eabi/12.3.1/thumb/v7e-m+fp/hard/crtn.o
OUTPUT(ModbusRTU_AWS.elf elf32-littlearm)
LOAD linker stubs
LOAD C:/ST/STM32CubeIDE_1.17.0/STM32CubeIDE/plugins/com.st.stm32cube.ide.mcu.externaltools.gnu-tools-for-stm32.12.3.rel1.win32_1.1.0.202410251130/tools/bin/../lib/gcc/arm-none-eabi/12.3.1/../../../../arm-none-eabi/lib/thumb/v7e-m+fp/hard\libc.a
LOAD C:/ST/STM32CubeIDE_1.17.0/STM32CubeIDE/plugins/com.st.stm32cube.ide.mcu.externaltools.gnu-tools-for-stm32.12.3.rel1.win32_1.1.0.202410251130/tools/bin/../lib/gcc/arm-none-eabi/12.3.1/../../../../arm-none-eabi/lib/thumb/v7e-m+fp/hard\libm.a
LOAD C:/ST/STM32CubeIDE_1.17.0/STM32CubeIDE/plugins/com.st.stm32cube.ide.mcu.externaltools.gnu-tools-for-stm32.12.3.rel1.win32_1.1.0.202410251130/tools/bin/../lib/gcc/arm-none-eabi/12.3.1/thumb/v7e-m+fp/hard\libgcc.a

.debug_info     0x00000000     0xbbcf
 .debug_info    0x00000000      0xc24 ./Core/Src/esp32msghandler.o
 .debug_info    0x00000c24     0x12bd ./Core/Src/main.o
 .debug_info    0x00001ee1      0xcd3 ./Core/Src/modbusMaster.o
 .debug_info    0x00002bb4      0x143 ./Core/Src/modbus_crc.o
 .debug_info    0x00002cf7      0xf11 ./Core/Src/stm32f4xx_hal_msp.o
 .debug_info    0x00003c08      0x6d4 ./Core/Src/stm32f4xx_it.o
 .debug_info    0x000042dc      0x512 ./Core/Src/system_stm32f4xx.o
 .debug_info    0x000047ee       0x30 ./Core/Startup/startup_stm32f407zgtx.o
 .debug_info    0x0000481e      0x944 ./Drivers/STM32F4xx_HAL_Driver/Src/stm32f4xx_hal.o
 .debug_info    0x00005162      0xd8c ./Drivers/STM32F4xx_HAL_Driver/Src/stm32f4xx_hal_cortex.o
 .debug_info    0x00005eee      0x8e7 ./Drivers/STM32F4xx_HAL_Driver/Src/stm32f4xx_hal_dma.o
 .debug_info    0x000067d5      0x6c3 ./Drivers/STM32F4xx_HAL_Driver/Src/stm32f4xx_hal_gpio.o
 .debug_info    0x00006e98      0x8c3 ./Drivers/STM32F4xx_HAL_Driver/Src/stm32f4xx_hal_rcc.o
 .debug_info    0x0000775b     0x1525 ./Drivers/STM32F4xx_HAL_Driver/Src/stm32f4xx_hal_spi.o
 .debug_info    0x00008c80     0x2f4f ./Drivers/STM32F4xx_HAL_Driver/Src/stm32f4xx_hal_uart.o

.debug_abbrev   0x00000000     0x1e8b
 .debug_abbrev  0x00000000      0x255 ./Core/Src/esp32msghandler.o
 .debug_abbrev  0x00000255      0x2ca ./Core/Src/main.o
 .debug_abbrev  0x0000051f      0x20c ./Core/Src/modbusMaster.o
 .debug_abbrev  0x0000072b       0xaf ./Core/Src/modbus_crc.o
 .debug_abbrev  0x000007da      0x23a ./Core/Src/stm32f4xx_hal_msp.o
 .debug_abbrev  0x00000a14      0x191 ./Core/Src/stm32f4xx_it.o
 .debug_abbrev  0x00000ba5      0x11a ./Core/Src/system_stm32f4xx.o
 .debug_abbrev  0x00000cbf       0x24 ./Core/Startup/startup_stm32f407zgtx.o
 .debug_abbrev  0x00000ce3      0x214 ./Drivers/STM32F4xx_HAL_Driver/Src/stm32f4xx_hal.o
 .debug_abbrev  0x00000ef7      0x31d ./Drivers/STM32F4xx_HAL_Driver/Src/stm32f4xx_hal_cortex.o
 .debug_abbrev  0x00001214      0x264 ./Drivers/STM32F4xx_HAL_Driver/Src/stm32f4xx_hal_dma.o
 .debug_abbrev  0x00001478      0x1d4 ./Drivers/STM32F4xx_HAL_Driver/Src/stm32f4xx_hal_gpio.o
 .debug_abbrev  0x0000164c      0x2b7 ./Drivers/STM32F4xx_HAL_Driver/Src/stm32f4xx_hal_rcc.o
 .debug_abbrev  0x00001903      0x27a ./Drivers/STM32F4xx_HAL_Driver/Src/stm32f4xx_hal_spi.o
 .debug_abbrev  0x00001b7d      0x30e ./Drivers/STM32F4xx_HAL_Driver/Src/stm32f4xx_hal_uart.o

.debug_aranges  0x00000000      0x9a8
 .debug_aranges
                0x00000000       0x40 ./Core/Src/esp32msghandler.o
 .debug_aranges
                0x00000040       0x58 ./Core/Src/main.o
 .debug_aranges
                0x00000098       0x68 ./Core/Src/modbusMaster.o
 .debug_aranges
                0x00000100       0x20 ./Core/Src/modbus_crc.o
 .debug_aranges
                0x00000120       0x40 ./Core/Src/stm32f4xx_hal_msp.o
 .debug_aranges
                0x00000160       0x90 ./Core/Src/stm32f4xx_it.o
 .debug_aranges
                0x000001f0       0x28 ./Core/Src/system_stm32f4xx.o
 .debug_aranges
                0x00000218       0x28 ./Core/Startup/startup_stm32f407zgtx.o
 .debug_aranges
                0x00000240       0xf0 ./Drivers/STM32F4xx_HAL_Driver/Src/stm32f4xx_hal.o
 .debug_aranges
                0x00000330      0x130 ./Drivers/STM32F4xx_HAL_Driver/Src/stm32f4xx_hal_cortex.o
 .debug_aranges
                0x00000460       0x90 ./Drivers/STM32F4xx_HAL_Driver/Src/stm32f4xx_hal_dma.o
 .debug_aranges
                0x000004f0       0x58 ./Drivers/STM32F4xx_HAL_Driver/Src/stm32f4xx_hal_gpio.o
 .debug_aranges
                0x00000548       0x88 ./Drivers/STM32F4xx_HAL_Driver/Src/stm32f4xx_hal_rcc.o
 .debug_aranges
                0x000005d0      0x1d0 ./Drivers/STM32F4xx_HAL_Driver/Src/stm32f4xx_hal_spi.o
 .debug_aranges
                0x000007a0      0x208 ./Drivers/STM32F4xx_HAL_Driver/Src/stm32f4xx_hal_uart.o

.debug_rnglists
                0x00000000      0x797
 .debug_rnglists
                0x00000000       0x5b ./Core/Src/esp32msghandler.o
 .debug_rnglists
                0x0000005b       0x40 ./Core/Src/main.o
 .debug_rnglists
                0x0000009b       0x52 ./Core/Src/modbusMaster.o
 .debug_rnglists
                0x000000ed       0x13 ./Core/Src/modbus_crc.o
 .debug_rnglists
                0x00000100       0x2e ./Core/Src/stm32f4xx_hal_msp.o
 .debug_rnglists
                0x0000012e       0x67 ./Core/Src/stm32f4xx_it.o
 .debug_rnglists
                0x00000195       0x1a ./Core/Src/system_stm32f4xx.o
 .debug_rnglists
                0x000001af       0x19 ./Core/Startup/startup_stm32f407zgtx.o
 .debug_rnglists
                0x000001c8       0xaf ./Drivers/STM32F4xx_HAL_Driver/Src/stm32f4xx_hal.o
 .debug_rnglists
                0x00000277       0xe0 ./Drivers/STM32F4xx_HAL_Driver/Src/stm32f4xx_hal_cortex.o
 .debug_rnglists
                0x00000357       0x70 ./Drivers/STM32F4xx_HAL_Driver/Src/stm32f4xx_hal_dma.o
 .debug_rnglists
                0x000003c7       0x3f ./Drivers/STM32F4xx_HAL_Driver/Src/stm32f4xx_hal_gpio.o
 .debug_rnglists
                0x00000406       0x66 ./Drivers/STM32F4xx_HAL_Driver/Src/stm32f4xx_hal_rcc.o
 .debug_rnglists
                0x0000046c      0x16f ./Drivers/STM32F4xx_HAL_Driver/Src/stm32f4xx_hal_spi.o
 .debug_rnglists
                0x000005db      0x1bc ./Drivers/STM32F4xx_HAL_Driver/Src/stm32f4xx_hal_uart.o

.debug_macro    0x00000000    0x20a52
 .debug_macro   0x00000000      0x2d6 ./Core/Src/esp32msghandler.o
 .debug_macro   0x000002d6      0xab4 ./Core/Src/esp32msghandler.o
 .debug_macro   0x00000d8a      0x29b ./Core/Src/esp32msghandler.o
 .debug_macro   0x00001025       0x2e ./Core/Src/esp32msghandler.o
 .debug_macro   0x00001053       0x2f ./Core/Src/esp32msghandler.o
 .debug_macro   0x00001082       0x22 ./Core/Src/esp32msghandler.o
 .debug_macro   0x000010a4       0x8e ./Core/Src/esp32msghandler.o
 .debug_macro   0x00001132       0x51 ./Core/Src/esp32msghandler.o
 .debug_macro   0x00001183      0x103 ./Core/Src/esp32msghandler.o
 .debug_macro   0x00001286       0x6a ./Core/Src/esp32msghandler.o
 .debug_macro   0x000012f0      0x1df ./Core/Src/esp32msghandler.o
 .debug_macro   0x000014cf       0x1c ./Core/Src/esp32msghandler.o
 .debug_macro   0x000014eb       0x22 ./Core/Src/esp32msghandler.o
 .debug_macro   0x0000150d       0xfb ./Core/Src/esp32msghandler.o
 .debug_macro   0x00001608     0x1011 ./Core/Src/esp32msghandler.o
 .debug_macro   0x00002619      0x11f ./Core/Src/esp32msghandler.o
 .debug_macro   0x00002738    0x15ea5 ./Core/Src/esp32msghandler.o
 .debug_macro   0x000185dd       0x6d ./Core/Src/esp32msghandler.o
 .debug_macro   0x0001864a     0x3693 ./Core/Src/esp32msghandler.o
 .debug_macro   0x0001bcdd      0x189 ./Core/Src/esp32msghandler.o
 .debug_macro   0x0001be66       0x5c ./Core/Src/esp32msghandler.o
 .debug_macro   0x0001bec2      0x980 ./Core/Src/esp32msghandler.o
 .debug_macro   0x0001c842      0x9e9 ./Core/Src/esp32msghandler.o
 .debug_macro   0x0001d22b      0x115 ./Core/Src/esp32msghandler.o
 .debug_macro   0x0001d340      0x13e ./Core/Src/esp32msghandler.o
 .debug_macro   0x0001d47e       0xa5 ./Core/Src/esp32msghandler.o
 .debug_macro   0x0001d523      0x174 ./Core/Src/esp32msghandler.o
 .debug_macro   0x0001d697      0x287 ./Core/Src/esp32msghandler.o
 .debug_macro   0x0001d91e       0x5f ./Core/Src/esp32msghandler.o
 .debug_macro   0x0001d97d      0x236 ./Core/Src/esp32msghandler.o
 .debug_macro   0x0001dbb3      0x12c ./Core/Src/esp32msghandler.o
 .debug_macro   0x0001dcdf      0x21e ./Core/Src/esp32msghandler.o
 .debug_macro   0x0001defd       0x2e ./Core/Src/esp32msghandler.o
 .debug_macro   0x0001df2b      0x127 ./Core/Src/esp32msghandler.o
 .debug_macro   0x0001e052       0x7e ./Core/Src/esp32msghandler.o
 .debug_macro   0x0001e0d0       0x89 ./Core/Src/esp32msghandler.o
 .debug_macro   0x0001e159      0x225 ./Core/Src/esp32msghandler.o
 .debug_macro   0x0001e37e      0x2aa ./Core/Src/esp32msghandler.o
 .debug_macro   0x0001e628      0x12d ./Core/Src/esp32msghandler.o
 .debug_macro   0x0001e755       0x10 ./Core/Src/esp32msghandler.o
 .debug_macro   0x0001e765       0x22 ./Core/Src/esp32msghandler.o
 .debug_macro   0x0001e787       0x52 ./Core/Src/esp32msghandler.o
 .debug_macro   0x0001e7d9       0x40 ./Core/Src/esp32msghandler.o
 .debug_macro   0x0001e819       0x61 ./Core/Src/esp32msghandler.o
 .debug_macro   0x0001e87a       0x2a ./Core/Src/esp32msghandler.o
 .debug_macro   0x0001e8a4       0x43 ./Core/Src/esp32msghandler.o
 .debug_macro   0x0001e8e7       0x34 ./Core/Src/esp32msghandler.o
 .debug_macro   0x0001e91b       0x16 ./Core/Src/esp32msghandler.o
 .debug_macro   0x0001e931       0x43 ./Core/Src/esp32msghandler.o
 .debug_macro   0x0001e974       0x34 ./Core/Src/esp32msghandler.o
 .debug_macro   0x0001e9a8       0x10 ./Core/Src/esp32msghandler.o
 .debug_macro   0x0001e9b8       0x58 ./Core/Src/esp32msghandler.o
 .debug_macro   0x0001ea10       0x8e ./Core/Src/esp32msghandler.o
 .debug_macro   0x0001ea9e       0x1c ./Core/Src/esp32msghandler.o
 .debug_macro   0x0001eaba      0x177 ./Core/Src/esp32msghandler.o
 .debug_macro   0x0001ec31      0x369 ./Core/Src/esp32msghandler.o
 .debug_macro   0x0001ef9a       0x10 ./Core/Src/esp32msghandler.o
 .debug_macro   0x0001efaa       0x35 ./Core/Src/esp32msghandler.o
 .debug_macro   0x0001efdf       0x20 ./Core/Src/esp32msghandler.o
 .debug_macro   0x0001efff      0x314 ./Core/Src/main.o
 .debug_macro   0x0001f313       0x16 ./Core/Src/main.o
 .debug_macro   0x0001f329       0x10 ./Core/Src/main.o
 .debug_macro   0x0001f339       0x16 ./Core/Src/main.o
 .debug_macro   0x0001f34f       0x16 ./Core/Src/main.o
 .debug_macro   0x0001f365      0x146 ./Core/Src/main.o
 .debug_macro   0x0001f4ab       0x16 ./Core/Src/main.o
 .debug_macro   0x0001f4c1      0x2be ./Core/Src/modbusMaster.o
 .debug_macro   0x0001f77f       0x63 ./Core/Src/modbus_crc.o
 .debug_macro   0x0001f7e2      0x1d3 ./Core/Src/stm32f4xx_hal_msp.o
 .debug_macro   0x0001f9b5      0x1dd ./Core/Src/stm32f4xx_it.o
 .debug_macro   0x0001fb92      0x1c4 ./Core/Src/system_stm32f4xx.o
 .debug_macro   0x0001fd56      0x224 ./Drivers/STM32F4xx_HAL_Driver/Src/stm32f4xx_hal.o
 .debug_macro   0x0001ff7a      0x1c4 ./Drivers/STM32F4xx_HAL_Driver/Src/stm32f4xx_hal_cortex.o
 .debug_macro   0x0002013e      0x1ca ./Drivers/STM32F4xx_HAL_Driver/Src/stm32f4xx_hal_dma.o
 .debug_macro   0x00020308      0x1ca ./Drivers/STM32F4xx_HAL_Driver/Src/stm32f4xx_hal_gpio.o
 .debug_macro   0x000204d2      0x1e8 ./Drivers/STM32F4xx_HAL_Driver/Src/stm32f4xx_hal_rcc.o
 .debug_macro   0x000206ba      0x1d3 ./Drivers/STM32F4xx_HAL_Driver/Src/stm32f4xx_hal_spi.o
 .debug_macro   0x0002088d      0x1c5 ./Drivers/STM32F4xx_HAL_Driver/Src/stm32f4xx_hal_uart.o

.debug_line     0x00000000     0xc6ed
 .debug_line    0x00000000      0xbd1 ./Core/Src/esp32msghandler.o
 .debug_line    0x00000bd1      0xa97 ./Core/Src/main.o
 .debug_line    0x00001668      0xcc6 ./Core/Src/modbusMaster.o
 .debug_line    0x0000232e      0x433 ./Core/Src/modbus_crc.o
 .debug_line    0x00002761      0x89d ./Core/Src/stm32f4xx_hal_msp.o
 .debug_line    0x00002ffe      0x87f ./Core/Src/stm32f4xx_it.o
 .debug_line    0x0000387d      0x7a2 ./Core/Src/system_stm32f4xx.o
 .debug_line    0x0000401f       0x7a ./Core/Startup/startup_stm32f407zgtx.o
 .debug_line    0x00004099      0xa1a ./Drivers/STM32F4xx_HAL_Driver/Src/stm32f4xx_hal.o
 .debug_line    0x00004ab3      0xd0c ./Drivers/STM32F4xx_HAL_Driver/Src/stm32f4xx_hal_cortex.o
 .debug_line    0x000057bf      0xf8a ./Drivers/STM32F4xx_HAL_Driver/Src/stm32f4xx_hal_dma.o
 .debug_line    0x00006749      0xba6 ./Drivers/STM32F4xx_HAL_Driver/Src/stm32f4xx_hal_gpio.o
 .debug_line    0x000072ef      0xda3 ./Drivers/STM32F4xx_HAL_Driver/Src/stm32f4xx_hal_rcc.o
 .debug_line    0x00008092     0x1d3e ./Drivers/STM32F4xx_HAL_Driver/Src/stm32f4xx_hal_spi.o
 .debug_line    0x00009dd0     0x291d ./Drivers/STM32F4xx_HAL_Driver/Src/stm32f4xx_hal_uart.o

.debug_str      0x00000000    0xc4b5b
 .debug_str     0x00000000    0xc1b7a ./Core/Src/esp32msghandler.o
                              0xc1e6a (size before relaxing)
 .debug_str     0x000c1b7a     0x106a ./Core/Src/main.o
                              0xc2ce5 (size before relaxing)
 .debug_str     0x000c2be4       0xfc ./Core/Src/modbusMaster.o
                              0xc1cb6 (size before relaxing)
 .debug_str     0x000c2ce0       0x41 ./Core/Src/modbus_crc.o
                               0x3d88 (size before relaxing)
 .debug_str     0x000c2d21       0xb7 ./Core/Src/stm32f4xx_hal_msp.o
                              0xbeff9 (size before relaxing)
 .debug_str     0x000c2dd8      0x174 ./Core/Src/stm32f4xx_it.o
                              0xbe855 (size before relaxing)
 .debug_str     0x000c2f4c       0xdb ./Core/Src/system_stm32f4xx.o
                              0xbe3d5 (size before relaxing)
 .debug_str     0x000c3027       0x44 ./Core/Startup/startup_stm32f407zgtx.o
                                 0x8b (size before relaxing)
 .debug_str     0x000c306b      0x60d ./Drivers/STM32F4xx_HAL_Driver/Src/stm32f4xx_hal.o
                              0xbef59 (size before relaxing)
 .debug_str     0x000c3678      0x36b ./Drivers/STM32F4xx_HAL_Driver/Src/stm32f4xx_hal_cortex.o
                              0xbecd5 (size before relaxing)
 .debug_str     0x000c39e3      0x2eb ./Drivers/STM32F4xx_HAL_Driver/Src/stm32f4xx_hal_dma.o
                              0xbe7ef (size before relaxing)
 .debug_str     0x000c3cce      0x121 ./Drivers/STM32F4xx_HAL_Driver/Src/stm32f4xx_hal_gpio.o
                              0xbe550 (size before relaxing)
 .debug_str     0x000c3def      0x233 ./Drivers/STM32F4xx_HAL_Driver/Src/stm32f4xx_hal_rcc.o
                              0xbe809 (size before relaxing)
 .debug_str     0x000c4022      0x567 ./Drivers/STM32F4xx_HAL_Driver/Src/stm32f4xx_hal_spi.o
                              0xbec93 (size before relaxing)
 .debug_str     0x000c4589      0x5d2 ./Drivers/STM32F4xx_HAL_Driver/Src/stm32f4xx_hal_uart.o
                              0xbedea (size before relaxing)

.comment        0x00000000       0x43
 .comment       0x00000000       0x43 ./Core/Src/esp32msghandler.o
                                 0x44 (size before relaxing)
 .comment       0x00000043       0x44 ./Core/Src/main.o
 .comment       0x00000043       0x44 ./Core/Src/modbusMaster.o
 .comment       0x00000043       0x44 ./Core/Src/modbus_crc.o
 .comment       0x00000043       0x44 ./Core/Src/stm32f4xx_hal_msp.o
 .comment       0x00000043       0x44 ./Core/Src/stm32f4xx_it.o
 .comment       0x00000043       0x44 ./Core/Src/system_stm32f4xx.o
 .comment       0x00000043       0x44 ./Drivers/STM32F4xx_HAL_Driver/Src/stm32f4xx_hal.o
 .comment       0x00000043       0x44 ./Drivers/STM32F4xx_HAL_Driver/Src/stm32f4xx_hal_cortex.o
 .comment       0x00000043       0x44 ./Drivers/STM32F4xx_HAL_Driver/Src/stm32f4xx_hal_dma.o
 .comment       0x00000043       0x44 ./Drivers/STM32F4xx_HAL_Driver/Src/stm32f4xx_hal_gpio.o
 .comment       0x00000043       0x44 ./Drivers/STM32F4xx_HAL_Driver/Src/stm32f4xx_hal_rcc.o
 .comment       0x00000043       0x44 ./Drivers/STM32F4xx_HAL_Driver/Src/stm32f4xx_hal_spi.o
 .comment       0x00000043       0x44 ./Drivers/STM32F4xx_HAL_Driver/Src/stm32f4xx_hal_uart.o

.debug_frame    0x00000000     0x268c
 .debug_frame   0x00000000       0xd4 ./Core/Src/esp32msghandler.o
 .debug_frame   0x000000d4      0x104 ./Core/Src/main.o
 .debug_frame   0x000001d8      0x178 ./Core/Src/modbusMaster.o
 .debug_frame   0x00000350       0x38 ./Core/Src/modbus_crc.o
 .debug_frame   0x00000388       0xcc ./Core/Src/stm32f4xx_hal_msp.o
 .debug_frame   0x00000454      0x1ac ./Core/Src/stm32f4xx_it.o
 .debug_frame   0x00000600       0x58 ./Core/Src/system_stm32f4xx.o
 .debug_frame   0x00000658      0x374 ./Drivers/STM32F4xx_HAL_Driver/Src/stm32f4xx_hal.o
 .debug_frame   0x000009cc      0x508 ./Drivers/STM32F4xx_HAL_Driver/Src/stm32f4xx_hal_cortex.o
 .debug_frame   0x00000ed4      0x250 ./Drivers/STM32F4xx_HAL_Driver/Src/stm32f4xx_hal_dma.o
 .debug_frame   0x00001124      0x14c ./Drivers/STM32F4xx_HAL_Driver/Src/stm32f4xx_hal_gpio.o
 .debug_frame   0x00001270      0x1f4 ./Drivers/STM32F4xx_HAL_Driver/Src/stm32f4xx_hal_rcc.o
 .debug_frame   0x00001464      0x828 ./Drivers/STM32F4xx_HAL_Driver/Src/stm32f4xx_hal_spi.o
 .debug_frame   0x00001c8c      0x954 ./Drivers/STM32F4xx_HAL_Driver/Src/stm32f4xx_hal_uart.o
 .debug_frame   0x000025e0       0x20 C:/ST/STM32CubeIDE_1.17.0/STM32CubeIDE/plugins/com.st.stm32cube.ide.mcu.externaltools.gnu-tools-for-stm32.12.3.rel1.win32_1.1.0.202410251130/tools/bin/../lib/gcc/arm-none-eabi/12.3.1/../../../../arm-none-eabi/lib/thumb/v7e-m+fp/hard\libc_nano.a(libc_a-memset.o)
 .debug_frame   0x00002600       0x2c C:/ST/STM32CubeIDE_1.17.0/STM32CubeIDE/plugins/com.st.stm32cube.ide.mcu.externaltools.gnu-tools-for-stm32.12.3.rel1.win32_1.1.0.202410251130/tools/bin/../lib/gcc/arm-none-eabi/12.3.1/../../../../arm-none-eabi/lib/thumb/v7e-m+fp/hard\libc_nano.a(libc_a-init.o)
 .debug_frame   0x0000262c       0x2c C:/ST/STM32CubeIDE_1.17.0/STM32CubeIDE/plugins/com.st.stm32cube.ide.mcu.externaltools.gnu-tools-for-stm32.12.3.rel1.win32_1.1.0.202410251130/tools/bin/../lib/gcc/arm-none-eabi/12.3.1/thumb/v7e-m+fp/hard\libgcc.a(_aeabi_uldivmod.o)
 .debug_frame   0x00002658       0x34 C:/ST/STM32CubeIDE_1.17.0/STM32CubeIDE/plugins/com.st.stm32cube.ide.mcu.externaltools.gnu-tools-for-stm32.12.3.rel1.win32_1.1.0.202410251130/tools/bin/../lib/gcc/arm-none-eabi/12.3.1/thumb/v7e-m+fp/hard\libgcc.a(_udivmoddi4.o)

.debug_line_str
                0x00000000       0x6f
 .debug_line_str
                0x00000000       0x6f ./Core/Startup/startup_stm32f407zgtx.o
