13:40:44 **** Build of configuration Debug for project ModbusRTU_AWS ****
make -j16 all 
arm-none-eabi-gcc "../Drivers/STM32F4xx_HAL_Driver/Src/stm32f4xx_hal.c" -mcpu=cortex-m4 -std=gnu11 -g3 -DDEBUG -DUSE_HAL_DRIVER -DSTM32F407xx -c -I../Core/Inc -I../Drivers/STM32F4xx_HAL_Driver/Inc -I../Drivers/STM32F4xx_HAL_Driver/Inc/Legacy -I../Drivers/CMSIS/Device/ST/STM32F4xx/Include -I../Drivers/CMSIS/Include -O0 -ffunction-sections -fdata-sections -Wall -fstack-usage -fcyclomatic-complexity -MMD -MP -MF"Drivers/STM32F4xx_HAL_Driver/Src/stm32f4xx_hal.d" -MT"Drivers/STM32F4xx_HAL_Driver/Src/stm32f4xx_hal.o" --specs=nano.specs -mfpu=fpv4-sp-d16 -mfloat-abi=hard -mthumb -o "Drivers/STM32F4xx_HAL_Driver/Src/stm32f4xx_hal.o"
arm-none-eabi-gcc "../Drivers/STM32F4xx_HAL_Driver/Src/stm32f4xx_hal_cortex.c" -mcpu=cortex-m4 -std=gnu11 -g3 -DDEBUG -DUSE_HAL_DRIVER -DSTM32F407xx -c -I../Core/Inc -I../Drivers/STM32F4xx_HAL_Driver/Inc -I../Drivers/STM32F4xx_HAL_Driver/Inc/Legacy -I../Drivers/CMSIS/Device/ST/STM32F4xx/Include -I../Drivers/CMSIS/Include -O0 -ffunction-sections -fdata-sections -Wall -fstack-usage -fcyclomatic-complexity -MMD -MP -MF"Drivers/STM32F4xx_HAL_Driver/Src/stm32f4xx_hal_cortex.d" -MT"Drivers/STM32F4xx_HAL_Driver/Src/stm32f4xx_hal_cortex.o" --specs=nano.specs -mfpu=fpv4-sp-d16 -mfloat-abi=hard -mthumb -o "Drivers/STM32F4xx_HAL_Driver/Src/stm32f4xx_hal_cortex.o"
arm-none-eabi-gcc "../Drivers/STM32F4xx_HAL_Driver/Src/stm32f4xx_hal_dma.c" -mcpu=cortex-m4 -std=gnu11 -g3 -DDEBUG -DUSE_HAL_DRIVER -DSTM32F407xx -c -I../Core/Inc -I../Drivers/STM32F4xx_HAL_Driver/Inc -I../Drivers/STM32F4xx_HAL_Driver/Inc/Legacy -I../Drivers/CMSIS/Device/ST/STM32F4xx/Include -I../Drivers/CMSIS/Include -O0 -ffunction-sections -fdata-sections -Wall -fstack-usage -fcyclomatic-complexity -MMD -MP -MF"Drivers/STM32F4xx_HAL_Driver/Src/stm32f4xx_hal_dma.d" -MT"Drivers/STM32F4xx_HAL_Driver/Src/stm32f4xx_hal_dma.o" --specs=nano.specs -mfpu=fpv4-sp-d16 -mfloat-abi=hard -mthumb -o "Drivers/STM32F4xx_HAL_Driver/Src/stm32f4xx_hal_dma.o"
arm-none-eabi-gcc "../Drivers/STM32F4xx_HAL_Driver/Src/stm32f4xx_hal_dma_ex.c" -mcpu=cortex-m4 -std=gnu11 -g3 -DDEBUG -DUSE_HAL_DRIVER -DSTM32F407xx -c -I../Core/Inc -I../Drivers/STM32F4xx_HAL_Driver/Inc -I../Drivers/STM32F4xx_HAL_Driver/Inc/Legacy -I../Drivers/CMSIS/Device/ST/STM32F4xx/Include -I../Drivers/CMSIS/Include -O0 -ffunction-sections -fdata-sections -Wall -fstack-usage -fcyclomatic-complexity -MMD -MP -MF"Drivers/STM32F4xx_HAL_Driver/Src/stm32f4xx_hal_dma_ex.d" -MT"Drivers/STM32F4xx_HAL_Driver/Src/stm32f4xx_hal_dma_ex.o" --specs=nano.specs -mfpu=fpv4-sp-d16 -mfloat-abi=hard -mthumb -o "Drivers/STM32F4xx_HAL_Driver/Src/stm32f4xx_hal_dma_ex.o"
arm-none-eabi-gcc "../Drivers/STM32F4xx_HAL_Driver/Src/stm32f4xx_hal_exti.c" -mcpu=cortex-m4 -std=gnu11 -g3 -DDEBUG -DUSE_HAL_DRIVER -DSTM32F407xx -c -I../Core/Inc -I../Drivers/STM32F4xx_HAL_Driver/Inc -I../Drivers/STM32F4xx_HAL_Driver/Inc/Legacy -I../Drivers/CMSIS/Device/ST/STM32F4xx/Include -I../Drivers/CMSIS/Include -O0 -ffunction-sections -fdata-sections -Wall -fstack-usage -fcyclomatic-complexity -MMD -MP -MF"Drivers/STM32F4xx_HAL_Driver/Src/stm32f4xx_hal_exti.d" -MT"Drivers/STM32F4xx_HAL_Driver/Src/stm32f4xx_hal_exti.o" --specs=nano.specs -mfpu=fpv4-sp-d16 -mfloat-abi=hard -mthumb -o "Drivers/STM32F4xx_HAL_Driver/Src/stm32f4xx_hal_exti.o"
arm-none-eabi-gcc "../Drivers/STM32F4xx_HAL_Driver/Src/stm32f4xx_hal_flash.c" -mcpu=cortex-m4 -std=gnu11 -g3 -DDEBUG -DUSE_HAL_DRIVER -DSTM32F407xx -c -I../Core/Inc -I../Drivers/STM32F4xx_HAL_Driver/Inc -I../Drivers/STM32F4xx_HAL_Driver/Inc/Legacy -I../Drivers/CMSIS/Device/ST/STM32F4xx/Include -I../Drivers/CMSIS/Include -O0 -ffunction-sections -fdata-sections -Wall -fstack-usage -fcyclomatic-complexity -MMD -MP -MF"Drivers/STM32F4xx_HAL_Driver/Src/stm32f4xx_hal_flash.d" -MT"Drivers/STM32F4xx_HAL_Driver/Src/stm32f4xx_hal_flash.o" --specs=nano.specs -mfpu=fpv4-sp-d16 -mfloat-abi=hard -mthumb -o "Drivers/STM32F4xx_HAL_Driver/Src/stm32f4xx_hal_flash.o"
arm-none-eabi-gcc "../Drivers/STM32F4xx_HAL_Driver/Src/stm32f4xx_hal_flash_ex.c" -mcpu=cortex-m4 -std=gnu11 -g3 -DDEBUG -DUSE_HAL_DRIVER -DSTM32F407xx -c -I../Core/Inc -I../Drivers/STM32F4xx_HAL_Driver/Inc -I../Drivers/STM32F4xx_HAL_Driver/Inc/Legacy -I../Drivers/CMSIS/Device/ST/STM32F4xx/Include -I../Drivers/CMSIS/Include -O0 -ffunction-sections -fdata-sections -Wall -fstack-usage -fcyclomatic-complexity -MMD -MP -MF"Drivers/STM32F4xx_HAL_Driver/Src/stm32f4xx_hal_flash_ex.d" -MT"Drivers/STM32F4xx_HAL_Driver/Src/stm32f4xx_hal_flash_ex.o" --specs=nano.specs -mfpu=fpv4-sp-d16 -mfloat-abi=hard -mthumb -o "Drivers/STM32F4xx_HAL_Driver/Src/stm32f4xx_hal_flash_ex.o"
arm-none-eabi-gcc "../Drivers/STM32F4xx_HAL_Driver/Src/stm32f4xx_hal_flash_ramfunc.c" -mcpu=cortex-m4 -std=gnu11 -g3 -DDEBUG -DUSE_HAL_DRIVER -DSTM32F407xx -c -I../Core/Inc -I../Drivers/STM32F4xx_HAL_Driver/Inc -I../Drivers/STM32F4xx_HAL_Driver/Inc/Legacy -I../Drivers/CMSIS/Device/ST/STM32F4xx/Include -I../Drivers/CMSIS/Include -O0 -ffunction-sections -fdata-sections -Wall -fstack-usage -fcyclomatic-complexity -MMD -MP -MF"Drivers/STM32F4xx_HAL_Driver/Src/stm32f4xx_hal_flash_ramfunc.d" -MT"Drivers/STM32F4xx_HAL_Driver/Src/stm32f4xx_hal_flash_ramfunc.o" --specs=nano.specs -mfpu=fpv4-sp-d16 -mfloat-abi=hard -mthumb -o "Drivers/STM32F4xx_HAL_Driver/Src/stm32f4xx_hal_flash_ramfunc.o"
arm-none-eabi-gcc "../Drivers/STM32F4xx_HAL_Driver/Src/stm32f4xx_hal_gpio.c" -mcpu=cortex-m4 -std=gnu11 -g3 -DDEBUG -DUSE_HAL_DRIVER -DSTM32F407xx -c -I../Core/Inc -I../Drivers/STM32F4xx_HAL_Driver/Inc -I../Drivers/STM32F4xx_HAL_Driver/Inc/Legacy -I../Drivers/CMSIS/Device/ST/STM32F4xx/Include -I../Drivers/CMSIS/Include -O0 -ffunction-sections -fdata-sections -Wall -fstack-usage -fcyclomatic-complexity -MMD -MP -MF"Drivers/STM32F4xx_HAL_Driver/Src/stm32f4xx_hal_gpio.d" -MT"Drivers/STM32F4xx_HAL_Driver/Src/stm32f4xx_hal_gpio.o" --specs=nano.specs -mfpu=fpv4-sp-d16 -mfloat-abi=hard -mthumb -o "Drivers/STM32F4xx_HAL_Driver/Src/stm32f4xx_hal_gpio.o"
arm-none-eabi-gcc "../Drivers/STM32F4xx_HAL_Driver/Src/stm32f4xx_hal_pwr.c" -mcpu=cortex-m4 -std=gnu11 -g3 -DDEBUG -DUSE_HAL_DRIVER -DSTM32F407xx -c -I../Core/Inc -I../Drivers/STM32F4xx_HAL_Driver/Inc -I../Drivers/STM32F4xx_HAL_Driver/Inc/Legacy -I../Drivers/CMSIS/Device/ST/STM32F4xx/Include -I../Drivers/CMSIS/Include -O0 -ffunction-sections -fdata-sections -Wall -fstack-usage -fcyclomatic-complexity -MMD -MP -MF"Drivers/STM32F4xx_HAL_Driver/Src/stm32f4xx_hal_pwr.d" -MT"Drivers/STM32F4xx_HAL_Driver/Src/stm32f4xx_hal_pwr.o" --specs=nano.specs -mfpu=fpv4-sp-d16 -mfloat-abi=hard -mthumb -o "Drivers/STM32F4xx_HAL_Driver/Src/stm32f4xx_hal_pwr.o"
arm-none-eabi-gcc "../Drivers/STM32F4xx_HAL_Driver/Src/stm32f4xx_hal_pwr_ex.c" -mcpu=cortex-m4 -std=gnu11 -g3 -DDEBUG -DUSE_HAL_DRIVER -DSTM32F407xx -c -I../Core/Inc -I../Drivers/STM32F4xx_HAL_Driver/Inc -I../Drivers/STM32F4xx_HAL_Driver/Inc/Legacy -I../Drivers/CMSIS/Device/ST/STM32F4xx/Include -I../Drivers/CMSIS/Include -O0 -ffunction-sections -fdata-sections -Wall -fstack-usage -fcyclomatic-complexity -MMD -MP -MF"Drivers/STM32F4xx_HAL_Driver/Src/stm32f4xx_hal_pwr_ex.d" -MT"Drivers/STM32F4xx_HAL_Driver/Src/stm32f4xx_hal_pwr_ex.o" --specs=nano.specs -mfpu=fpv4-sp-d16 -mfloat-abi=hard -mthumb -o "Drivers/STM32F4xx_HAL_Driver/Src/stm32f4xx_hal_pwr_ex.o"
arm-none-eabi-gcc "../Drivers/STM32F4xx_HAL_Driver/Src/stm32f4xx_hal_rcc.c" -mcpu=cortex-m4 -std=gnu11 -g3 -DDEBUG -DUSE_HAL_DRIVER -DSTM32F407xx -c -I../Core/Inc -I../Drivers/STM32F4xx_HAL_Driver/Inc -I../Drivers/STM32F4xx_HAL_Driver/Inc/Legacy -I../Drivers/CMSIS/Device/ST/STM32F4xx/Include -I../Drivers/CMSIS/Include -O0 -ffunction-sections -fdata-sections -Wall -fstack-usage -fcyclomatic-complexity -MMD -MP -MF"Drivers/STM32F4xx_HAL_Driver/Src/stm32f4xx_hal_rcc.d" -MT"Drivers/STM32F4xx_HAL_Driver/Src/stm32f4xx_hal_rcc.o" --specs=nano.specs -mfpu=fpv4-sp-d16 -mfloat-abi=hard -mthumb -o "Drivers/STM32F4xx_HAL_Driver/Src/stm32f4xx_hal_rcc.o"
arm-none-eabi-gcc "../Drivers/STM32F4xx_HAL_Driver/Src/stm32f4xx_hal_rcc_ex.c" -mcpu=cortex-m4 -std=gnu11 -g3 -DDEBUG -DUSE_HAL_DRIVER -DSTM32F407xx -c -I../Core/Inc -I../Drivers/STM32F4xx_HAL_Driver/Inc -I../Drivers/STM32F4xx_HAL_Driver/Inc/Legacy -I../Drivers/CMSIS/Device/ST/STM32F4xx/Include -I../Drivers/CMSIS/Include -O0 -ffunction-sections -fdata-sections -Wall -fstack-usage -fcyclomatic-complexity -MMD -MP -MF"Drivers/STM32F4xx_HAL_Driver/Src/stm32f4xx_hal_rcc_ex.d" -MT"Drivers/STM32F4xx_HAL_Driver/Src/stm32f4xx_hal_rcc_ex.o" --specs=nano.specs -mfpu=fpv4-sp-d16 -mfloat-abi=hard -mthumb -o "Drivers/STM32F4xx_HAL_Driver/Src/stm32f4xx_hal_rcc_ex.o"
arm-none-eabi-gcc "../Drivers/STM32F4xx_HAL_Driver/Src/stm32f4xx_hal_spi.c" -mcpu=cortex-m4 -std=gnu11 -g3 -DDEBUG -DUSE_HAL_DRIVER -DSTM32F407xx -c -I../Core/Inc -I../Drivers/STM32F4xx_HAL_Driver/Inc -I../Drivers/STM32F4xx_HAL_Driver/Inc/Legacy -I../Drivers/CMSIS/Device/ST/STM32F4xx/Include -I../Drivers/CMSIS/Include -O0 -ffunction-sections -fdata-sections -Wall -fstack-usage -fcyclomatic-complexity -MMD -MP -MF"Drivers/STM32F4xx_HAL_Driver/Src/stm32f4xx_hal_spi.d" -MT"Drivers/STM32F4xx_HAL_Driver/Src/stm32f4xx_hal_spi.o" --specs=nano.specs -mfpu=fpv4-sp-d16 -mfloat-abi=hard -mthumb -o "Drivers/STM32F4xx_HAL_Driver/Src/stm32f4xx_hal_spi.o"
arm-none-eabi-gcc "../Drivers/STM32F4xx_HAL_Driver/Src/stm32f4xx_hal_uart.c" -mcpu=cortex-m4 -std=gnu11 -g3 -DDEBUG -DUSE_HAL_DRIVER -DSTM32F407xx -c -I../Core/Inc -I../Drivers/STM32F4xx_HAL_Driver/Inc -I../Drivers/STM32F4xx_HAL_Driver/Inc/Legacy -I../Drivers/CMSIS/Device/ST/STM32F4xx/Include -I../Drivers/CMSIS/Include -O0 -ffunction-sections -fdata-sections -Wall -fstack-usage -fcyclomatic-complexity -MMD -MP -MF"Drivers/STM32F4xx_HAL_Driver/Src/stm32f4xx_hal_uart.d" -MT"Drivers/STM32F4xx_HAL_Driver/Src/stm32f4xx_hal_uart.o" --specs=nano.specs -mfpu=fpv4-sp-d16 -mfloat-abi=hard -mthumb -o "Drivers/STM32F4xx_HAL_Driver/Src/stm32f4xx_hal_uart.o"
arm-none-eabi-gcc -mcpu=cortex-m4 -g3 -DDEBUG -c -x assembler-with-cpp -MMD -MP -MF"Core/Startup/startup_stm32f407zgtx.d" -MT"Core/Startup/startup_stm32f407zgtx.o" --specs=nano.specs -mfpu=fpv4-sp-d16 -mfloat-abi=hard -mthumb -o "Core/Startup/startup_stm32f407zgtx.o" "../Core/Startup/startup_stm32f407zgtx.s"
arm-none-eabi-gcc "../Core/Src/main.c" -mcpu=cortex-m4 -std=gnu11 -g3 -DDEBUG -DUSE_HAL_DRIVER -DSTM32F407xx -c -I../Core/Inc -I../Drivers/STM32F4xx_HAL_Driver/Inc -I../Drivers/STM32F4xx_HAL_Driver/Inc/Legacy -I../Drivers/CMSIS/Device/ST/STM32F4xx/Include -I../Drivers/CMSIS/Include -O0 -ffunction-sections -fdata-sections -Wall -fstack-usage -fcyclomatic-complexity -MMD -MP -MF"Core/Src/main.d" -MT"Core/Src/main.o" --specs=nano.specs -mfpu=fpv4-sp-d16 -mfloat-abi=hard -mthumb -o "Core/Src/main.o"
../Core/Src/main.c: In function 'sendData':
../Core/Src/main.c:73:27: error: 'TX_EN_GPIO_Port' undeclared (first use in this function); did you mean 'RS485_EN_GPIO_Port'?
   73 |         HAL_GPIO_WritePin(TX_EN_GPIO_Port, TX_EN_Pin, GPIO_PIN_SET);
      |                           ^~~~~~~~~~~~~~~
      |                           RS485_EN_GPIO_Port
../Core/Src/main.c:73:27: note: each undeclared identifier is reported only once for each function it appears in
../Core/Src/main.c:73:44: error: 'TX_EN_Pin' undeclared (first use in this function)
   73 |         HAL_GPIO_WritePin(TX_EN_GPIO_Port, TX_EN_Pin, GPIO_PIN_SET);
      |                                            ^~~~~~~~~
make: *** [Core/Src/subdir.mk:40: Core/Src/main.o] Error 1
make: *** Waiting for unfinished jobs....
"make -j16 all" terminated with exit code 2. Build might be incomplete.
13:41:32 **** Incremental Build of configuration Debug for project ModbusRTU_AWS ****
make -j16 all 
arm-none-eabi-gcc "../Core/Src/main.c" -mcpu=cortex-m4 -std=gnu11 -g3 -DDEBUG -DUSE_HAL_DRIVER -DSTM32F407xx -c -I../Core/Inc -I../Drivers/STM32F4xx_HAL_Driver/Inc -I../Drivers/STM32F4xx_HAL_Driver/Inc/Legacy -I../Drivers/CMSIS/Device/ST/STM32F4xx/Include -I../Drivers/CMSIS/Include -O0 -ffunction-sections -fdata-sections -Wall -fstack-usage -fcyclomatic-complexity -MMD -MP -MF"Core/Src/main.d" -MT"Core/Src/main.o" --specs=nano.specs -mfpu=fpv4-sp-d16 -mfloat-abi=hard -mthumb -o "Core/Src/main.o"
arm-none-eabi-gcc "../Core/Src/modbusMaster.c" -mcpu=cortex-m4 -std=gnu11 -g3 -DDEBUG -DUSE_HAL_DRIVER -DSTM32F407xx -c -I../Core/Inc -I../Drivers/STM32F4xx_HAL_Driver/Inc -I../Drivers/STM32F4xx_HAL_Driver/Inc/Legacy -I../Drivers/CMSIS/Device/ST/STM32F4xx/Include -I../Drivers/CMSIS/Include -O0 -ffunction-sections -fdata-sections -Wall -fstack-usage -fcyclomatic-complexity -MMD -MP -MF"Core/Src/modbusMaster.d" -MT"Core/Src/modbusMaster.o" --specs=nano.specs -mfpu=fpv4-sp-d16 -mfloat-abi=hard -mthumb -o "Core/Src/modbusMaster.o"
arm-none-eabi-gcc "../Core/Src/modbus_crc.c" -mcpu=cortex-m4 -std=gnu11 -g3 -DDEBUG -DUSE_HAL_DRIVER -DSTM32F407xx -c -I../Core/Inc -I../Drivers/STM32F4xx_HAL_Driver/Inc -I../Drivers/STM32F4xx_HAL_Driver/Inc/Legacy -I../Drivers/CMSIS/Device/ST/STM32F4xx/Include -I../Drivers/CMSIS/Include -O0 -ffunction-sections -fdata-sections -Wall -fstack-usage -fcyclomatic-complexity -MMD -MP -MF"Core/Src/modbus_crc.d" -MT"Core/Src/modbus_crc.o" --specs=nano.specs -mfpu=fpv4-sp-d16 -mfloat-abi=hard -mthumb -o "Core/Src/modbus_crc.o"
arm-none-eabi-gcc "../Core/Src/stm32f4xx_hal_msp.c" -mcpu=cortex-m4 -std=gnu11 -g3 -DDEBUG -DUSE_HAL_DRIVER -DSTM32F407xx -c -I../Core/Inc -I../Drivers/STM32F4xx_HAL_Driver/Inc -I../Drivers/STM32F4xx_HAL_Driver/Inc/Legacy -I../Drivers/CMSIS/Device/ST/STM32F4xx/Include -I../Drivers/CMSIS/Include -O0 -ffunction-sections -fdata-sections -Wall -fstack-usage -fcyclomatic-complexity -MMD -MP -MF"Core/Src/stm32f4xx_hal_msp.d" -MT"Core/Src/stm32f4xx_hal_msp.o" --specs=nano.specs -mfpu=fpv4-sp-d16 -mfloat-abi=hard -mthumb -o "Core/Src/stm32f4xx_hal_msp.o"
arm-none-eabi-gcc "../Core/Src/stm32f4xx_it.c" -mcpu=cortex-m4 -std=gnu11 -g3 -DDEBUG -DUSE_HAL_DRIVER -DSTM32F407xx -c -I../Core/Inc -I../Drivers/STM32F4xx_HAL_Driver/Inc -I../Drivers/STM32F4xx_HAL_Driver/Inc/Legacy -I../Drivers/CMSIS/Device/ST/STM32F4xx/Include -I../Drivers/CMSIS/Include -O0 -ffunction-sections -fdata-sections -Wall -fstack-usage -fcyclomatic-complexity -MMD -MP -MF"Core/Src/stm32f4xx_it.d" -MT"Core/Src/stm32f4xx_it.o" --specs=nano.specs -mfpu=fpv4-sp-d16 -mfloat-abi=hard -mthumb -o "Core/Src/stm32f4xx_it.o"
arm-none-eabi-gcc "../Core/Src/syscalls.c" -mcpu=cortex-m4 -std=gnu11 -g3 -DDEBUG -DUSE_HAL_DRIVER -DSTM32F407xx -c -I../Core/Inc -I../Drivers/STM32F4xx_HAL_Driver/Inc -I../Drivers/STM32F4xx_HAL_Driver/Inc/Legacy -I../Drivers/CMSIS/Device/ST/STM32F4xx/Include -I../Drivers/CMSIS/Include -O0 -ffunction-sections -fdata-sections -Wall -fstack-usage -fcyclomatic-complexity -MMD -MP -MF"Core/Src/syscalls.d" -MT"Core/Src/syscalls.o" --specs=nano.specs -mfpu=fpv4-sp-d16 -mfloat-abi=hard -mthumb -o "Core/Src/syscalls.o"
arm-none-eabi-gcc "../Core/Src/sysmem.c" -mcpu=cortex-m4 -std=gnu11 -g3 -DDEBUG -DUSE_HAL_DRIVER -DSTM32F407xx -c -I../Core/Inc -I../Drivers/STM32F4xx_HAL_Driver/Inc -I../Drivers/STM32F4xx_HAL_Driver/Inc/Legacy -I../Drivers/CMSIS/Device/ST/STM32F4xx/Include -I../Drivers/CMSIS/Include -O0 -ffunction-sections -fdata-sections -Wall -fstack-usage -fcyclomatic-complexity -MMD -MP -MF"Core/Src/sysmem.d" -MT"Core/Src/sysmem.o" --specs=nano.specs -mfpu=fpv4-sp-d16 -mfloat-abi=hard -mthumb -o "Core/Src/sysmem.o"
arm-none-eabi-gcc "../Core/Src/system_stm32f4xx.c" -mcpu=cortex-m4 -std=gnu11 -g3 -DDEBUG -DUSE_HAL_DRIVER -DSTM32F407xx -c -I../Core/Inc -I../Drivers/STM32F4xx_HAL_Driver/Inc -I../Drivers/STM32F4xx_HAL_Driver/Inc/Legacy -I../Drivers/CMSIS/Device/ST/STM32F4xx/Include -I../Drivers/CMSIS/Include -O0 -ffunction-sections -fdata-sections -Wall -fstack-usage -fcyclomatic-complexity -MMD -MP -MF"Core/Src/system_stm32f4xx.d" -MT"Core/Src/system_stm32f4xx.o" --specs=nano.specs -mfpu=fpv4-sp-d16 -mfloat-abi=hard -mthumb -o "Core/Src/system_stm32f4xx.o"
../Core/Src/main.c: In function 'sendData':
../Core/Src/main.c:72:27: error: 'TX_EN_GPIO_Port' undeclared (first use in this function); did you mean 'RS485_EN_GPIO_Port'?
   72 |         HAL_GPIO_WritePin(TX_EN_GPIO_Port, TX_EN_Pin, GPIO_PIN_SET);
      |                           ^~~~~~~~~~~~~~~
      |                           RS485_EN_GPIO_Port
../Core/Src/main.c:72:27: note: each undeclared identifier is reported only once for each function it appears in
../Core/Src/main.c:72:44: error: 'TX_EN_Pin' undeclared (first use in this function)
   72 |         HAL_GPIO_WritePin(TX_EN_GPIO_Port, TX_EN_Pin, GPIO_PIN_SET);
      |                                            ^~~~~~~~~
make: *** [Core/Src/subdir.mk:40: Core/Src/main.o] Error 1
make: *** Waiting for unfinished jobs....
"make -j16 all" terminated with exit code 2. Build might be incomplete.
13:41:45 **** Incremental Build of configuration Debug for project ModbusRTU_AWS ****
make -j16 all 
arm-none-eabi-gcc "../Core/Src/main.c" -mcpu=cortex-m4 -std=gnu11 -g3 -DDEBUG -DUSE_HAL_DRIVER -DSTM32F407xx -c -I../Core/Inc -I../Drivers/STM32F4xx_HAL_Driver/Inc -I../Drivers/STM32F4xx_HAL_Driver/Inc/Legacy -I../Drivers/CMSIS/Device/ST/STM32F4xx/Include -I../Drivers/CMSIS/Include -O0 -ffunction-sections -fdata-sections -Wall -fstack-usage -fcyclomatic-complexity -MMD -MP -MF"Core/Src/main.d" -MT"Core/Src/main.o" --specs=nano.specs -mfpu=fpv4-sp-d16 -mfloat-abi=hard -mthumb -o "Core/Src/main.o"
arm-none-eabi-gcc -o "ModbusRTU_AWS.elf" @"objects.list"   -mcpu=cortex-m4 -T"C:\Users\Mohamad\Documents\GitHub\STM32_Industrial\ModbusRTU_AWS\STM32F407ZGTX_FLASH.ld" --specs=nosys.specs -Wl,-Map="ModbusRTU_AWS.map" -Wl,--gc-sections -static --specs=nano.specs -mfpu=fpv4-sp-d16 -mfloat-abi=hard -mthumb -Wl,--start-group -lc -lm -Wl,--end-group
Finished building target: ModbusRTU_AWS.elf
 
arm-none-eabi-size  ModbusRTU_AWS.elf 
arm-none-eabi-objdump -h -S ModbusRTU_AWS.elf  > "ModbusRTU_AWS.list"
   text	   data	    bss	    dec	    hex	filename
  13344	     12	   2196	  15552	   3cc0	ModbusRTU_AWS.elf
Finished building: default.size.stdout
 
Finished building: ModbusRTU_AWS.list
 
15:15:05 **** Incremental Build of configuration Debug for project ModbusRTU_AWS ****
make -j16 all 
arm-none-eabi-gcc "../Core/Src/main.c" -mcpu=cortex-m4 -std=gnu11 -g3 -DDEBUG -DUSE_HAL_DRIVER -DSTM32F407xx -c -I../Core/Inc -I../Drivers/STM32F4xx_HAL_Driver/Inc -I../Drivers/STM32F4xx_HAL_Driver/Inc/Legacy -I../Drivers/CMSIS/Device/ST/STM32F4xx/Include -I../Drivers/CMSIS/Include -O0 -ffunction-sections -fdata-sections -Wall -fstack-usage -fcyclomatic-complexity -MMD -MP -MF"Core/Src/main.d" -MT"Core/Src/main.o" --specs=nano.specs -mfpu=fpv4-sp-d16 -mfloat-abi=hard -mthumb -o "Core/Src/main.o"
arm-none-eabi-gcc "../Core/Src/modbusMaster.c" -mcpu=cortex-m4 -std=gnu11 -g3 -DDEBUG -DUSE_HAL_DRIVER -DSTM32F407xx -c -I../Core/Inc -I../Drivers/STM32F4xx_HAL_Driver/Inc -I../Drivers/STM32F4xx_HAL_Driver/Inc/Legacy -I../Drivers/CMSIS/Device/ST/STM32F4xx/Include -I../Drivers/CMSIS/Include -O0 -ffunction-sections -fdata-sections -Wall -fstack-usage -fcyclomatic-complexity -MMD -MP -MF"Core/Src/modbusMaster.d" -MT"Core/Src/modbusMaster.o" --specs=nano.specs -mfpu=fpv4-sp-d16 -mfloat-abi=hard -mthumb -o "Core/Src/modbusMaster.o"
../Core/Src/modbusMaster.c: In function 'Modbus_Init':
../Core/Src/modbusMaster.c:15:13: error: 'ModbusMaster' has no member named 'EN_Port'; did you mean 'DE_Port'?
   15 |     modbus->EN_Port = EN_Port;
      |             ^~~~~~~
      |             DE_Port
../Core/Src/modbusMaster.c:15:23: error: 'EN_Port' undeclared (first use in this function); did you mean 'DE_Port'?
   15 |     modbus->EN_Port = EN_Port;
      |                       ^~~~~~~
      |                       DE_Port
../Core/Src/modbusMaster.c:15:23: note: each undeclared identifier is reported only once for each function it appears in
../Core/Src/modbusMaster.c:16:13: error: 'ModbusMaster' has no member named 'EN_Pin'; did you mean 'DE_Pin'?
   16 |     modbus->EN_Pin = EN_Pin;
      |             ^~~~~~
      |             DE_Pin
../Core/Src/modbusMaster.c:16:22: error: 'EN_Pin' undeclared (first use in this function); did you mean 'DE_Pin'?
   16 |     modbus->EN_Pin = EN_Pin;
      |                      ^~~~~~
      |                      DE_Pin
../Core/Src/main.c:55:1: error: unknown type name 'ModbusMaster_HandleTypeDef'
   55 | ModbusMaster_HandleTypeDef hmodbus;
      | ^~~~~~~~~~~~~~~~~~~~~~~~~~
make: *** [Core/Src/subdir.mk:40: Core/Src/modbusMaster.o] Error 1
make: *** Waiting for unfinished jobs....
../Core/Src/main.c: In function 'main':
../Core/Src/main.c:112:3: warning: implicit declaration of function 'ModbusMaster_Init'; did you mean 'Modbus_Init'? [-Wimplicit-function-declaration]
  112 |   ModbusMaster_Init(&hmodbus, &huart1, RS485_EN_GPIO_Port, RS485_EN_Pin);
      |   ^~~~~~~~~~~~~~~~~
      |   Modbus_Init
make: *** [Core/Src/subdir.mk:40: Core/Src/main.o] Error 1
"make -j16 all" terminated with exit code 2. Build might be incomplete.
15:16:21 **** Incremental Build of configuration Debug for project ModbusRTU_AWS ****
make -j16 all 
arm-none-eabi-gcc "../Core/Src/main.c" -mcpu=cortex-m4 -std=gnu11 -g3 -DDEBUG -DUSE_HAL_DRIVER -DSTM32F407xx -c -I../Core/Inc -I../Drivers/STM32F4xx_HAL_Driver/Inc -I../Drivers/STM32F4xx_HAL_Driver/Inc/Legacy -I../Drivers/CMSIS/Device/ST/STM32F4xx/Include -I../Drivers/CMSIS/Include -O0 -ffunction-sections -fdata-sections -Wall -fstack-usage -fcyclomatic-complexity -MMD -MP -MF"Core/Src/main.d" -MT"Core/Src/main.o" --specs=nano.specs -mfpu=fpv4-sp-d16 -mfloat-abi=hard -mthumb -o "Core/Src/main.o"
arm-none-eabi-gcc "../Core/Src/modbusMaster.c" -mcpu=cortex-m4 -std=gnu11 -g3 -DDEBUG -DUSE_HAL_DRIVER -DSTM32F407xx -c -I../Core/Inc -I../Drivers/STM32F4xx_HAL_Driver/Inc -I../Drivers/STM32F4xx_HAL_Driver/Inc/Legacy -I../Drivers/CMSIS/Device/ST/STM32F4xx/Include -I../Drivers/CMSIS/Include -O0 -ffunction-sections -fdata-sections -Wall -fstack-usage -fcyclomatic-complexity -MMD -MP -MF"Core/Src/modbusMaster.d" -MT"Core/Src/modbusMaster.o" --specs=nano.specs -mfpu=fpv4-sp-d16 -mfloat-abi=hard -mthumb -o "Core/Src/modbusMaster.o"
../Core/Src/modbusMaster.c: In function 'Modbus_Init':
../Core/Src/modbusMaster.c:15:13: error: 'ModbusMaster' has no member named 'EN_Port'; did you mean 'DE_Port'?
   15 |     modbus->EN_Port = EN_Port;
      |             ^~~~~~~
      |             DE_Port
../Core/Src/modbusMaster.c:16:13: error: 'ModbusMaster' has no member named 'EN_Pin'; did you mean 'DE_Pin'?
   16 |     modbus->EN_Pin = EN_Pin;
      |             ^~~~~~
      |             DE_Pin
make: *** [Core/Src/subdir.mk:40: Core/Src/modbusMaster.o] Error 1
make: *** Waiting for unfinished jobs....
../Core/Src/main.c:55:1: error: unknown type name 'ModbusMaster_HandleTypeDef'
   55 | ModbusMaster_HandleTypeDef hmodbus;
      | ^~~~~~~~~~~~~~~~~~~~~~~~~~
../Core/Src/main.c: In function 'main':
../Core/Src/main.c:112:3: warning: implicit declaration of function 'ModbusMaster_Init'; did you mean 'Modbus_Init'? [-Wimplicit-function-declaration]
  112 |   ModbusMaster_Init(&hmodbus, &huart1, RS485_EN_GPIO_Port, RS485_EN_Pin);
      |   ^~~~~~~~~~~~~~~~~
      |   Modbus_Init
make: *** [Core/Src/subdir.mk:40: Core/Src/main.o] Error 1
"make -j16 all" terminated with exit code 2. Build might be incomplete.
15:16:52 **** Incremental Build of configuration Debug for project ModbusRTU_AWS ****
make -j16 all 
arm-none-eabi-gcc "../Core/Src/main.c" -mcpu=cortex-m4 -std=gnu11 -g3 -DDEBUG -DUSE_HAL_DRIVER -DSTM32F407xx -c -I../Core/Inc -I../Drivers/STM32F4xx_HAL_Driver/Inc -I../Drivers/STM32F4xx_HAL_Driver/Inc/Legacy -I../Drivers/CMSIS/Device/ST/STM32F4xx/Include -I../Drivers/CMSIS/Include -O0 -ffunction-sections -fdata-sections -Wall -fstack-usage -fcyclomatic-complexity -MMD -MP -MF"Core/Src/main.d" -MT"Core/Src/main.o" --specs=nano.specs -mfpu=fpv4-sp-d16 -mfloat-abi=hard -mthumb -o "Core/Src/main.o"
arm-none-eabi-gcc "../Core/Src/modbusMaster.c" -mcpu=cortex-m4 -std=gnu11 -g3 -DDEBUG -DUSE_HAL_DRIVER -DSTM32F407xx -c -I../Core/Inc -I../Drivers/STM32F4xx_HAL_Driver/Inc -I../Drivers/STM32F4xx_HAL_Driver/Inc/Legacy -I../Drivers/CMSIS/Device/ST/STM32F4xx/Include -I../Drivers/CMSIS/Include -O0 -ffunction-sections -fdata-sections -Wall -fstack-usage -fcyclomatic-complexity -MMD -MP -MF"Core/Src/modbusMaster.d" -MT"Core/Src/modbusMaster.o" --specs=nano.specs -mfpu=fpv4-sp-d16 -mfloat-abi=hard -mthumb -o "Core/Src/modbusMaster.o"
../Core/Src/modbusMaster.c: In function 'Modbus_Init':
../Core/Src/modbusMaster.c:15:13: error: 'ModbusMaster' has no member named 'EN_Port'; did you mean 'DE_Port'?
   15 |     modbus->EN_Port = EN_Port;
      |             ^~~~~~~
      |             DE_Port
../Core/Src/modbusMaster.c:16:13: error: 'ModbusMaster' has no member named 'EN_Pin'; did you mean 'DE_Pin'?
   16 |     modbus->EN_Pin = EN_Pin;
      |             ^~~~~~
      |             DE_Pin
../Core/Src/main.c: In function 'main':
../Core/Src/main.c:112:3: warning: implicit declaration of function 'ModbusMaster_Init'; did you mean 'Modbus_Init'? [-Wimplicit-function-declaration]
  112 |   ModbusMaster_Init(&hmodbus, &huart1, RS485_EN_GPIO_Port, RS485_EN_Pin);
      |   ^~~~~~~~~~~~~~~~~
      |   Modbus_Init
make: *** [Core/Src/subdir.mk:40: Core/Src/modbusMaster.o] Error 1
make: *** Waiting for unfinished jobs....
"make -j16 all" terminated with exit code 2. Build might be incomplete.
15:17:19 **** Incremental Build of configuration Debug for project ModbusRTU_AWS ****
make -j16 all 
arm-none-eabi-gcc "../Core/Src/main.c" -mcpu=cortex-m4 -std=gnu11 -g3 -DDEBUG -DUSE_HAL_DRIVER -DSTM32F407xx -c -I../Core/Inc -I../Drivers/STM32F4xx_HAL_Driver/Inc -I../Drivers/STM32F4xx_HAL_Driver/Inc/Legacy -I../Drivers/CMSIS/Device/ST/STM32F4xx/Include -I../Drivers/CMSIS/Include -O0 -ffunction-sections -fdata-sections -Wall -fstack-usage -fcyclomatic-complexity -MMD -MP -MF"Core/Src/main.d" -MT"Core/Src/main.o" --specs=nano.specs -mfpu=fpv4-sp-d16 -mfloat-abi=hard -mthumb -o "Core/Src/main.o"
arm-none-eabi-gcc "../Core/Src/modbusMaster.c" -mcpu=cortex-m4 -std=gnu11 -g3 -DDEBUG -DUSE_HAL_DRIVER -DSTM32F407xx -c -I../Core/Inc -I../Drivers/STM32F4xx_HAL_Driver/Inc -I../Drivers/STM32F4xx_HAL_Driver/Inc/Legacy -I../Drivers/CMSIS/Device/ST/STM32F4xx/Include -I../Drivers/CMSIS/Include -O0 -ffunction-sections -fdata-sections -Wall -fstack-usage -fcyclomatic-complexity -MMD -MP -MF"Core/Src/modbusMaster.d" -MT"Core/Src/modbusMaster.o" --specs=nano.specs -mfpu=fpv4-sp-d16 -mfloat-abi=hard -mthumb -o "Core/Src/modbusMaster.o"
../Core/Src/modbusMaster.c: In function 'Modbus_Init':
../Core/Src/modbusMaster.c:18:35: error: 'ModbusMaster' has no member named 'DE_Port'; did you mean 'EN_Port'?
   18 |         HAL_GPIO_WritePin(modbus->DE_Port, modbus->DE_Pin, GPIO_PIN_RESET);
      |                                   ^~~~~~~
      |                                   EN_Port
../Core/Src/modbusMaster.c:18:52: error: 'ModbusMaster' has no member named 'DE_Pin'; did you mean 'EN_Pin'?
   18 |         HAL_GPIO_WritePin(modbus->DE_Port, modbus->DE_Pin, GPIO_PIN_RESET);
      |                                                    ^~~~~~
      |                                                    EN_Pin
../Core/Src/modbusMaster.c: In function 'Modbus_SendRequest':
../Core/Src/modbusMaster.c:28:31: error: 'ModbusMaster' has no member named 'DE_Port'; did you mean 'EN_Port'?
   28 |     HAL_GPIO_WritePin(modbus->DE_Port, modbus->DE_Pin, GPIO_PIN_SET); // Enable transmit
      |                               ^~~~~~~
      |                               EN_Port
../Core/Src/modbusMaster.c:28:48: error: 'ModbusMaster' has no member named 'DE_Pin'; did you mean 'EN_Pin'?
   28 |     HAL_GPIO_WritePin(modbus->DE_Port, modbus->DE_Pin, GPIO_PIN_SET); // Enable transmit
      |                                                ^~~~~~
      |                                                EN_Pin
../Core/Src/modbusMaster.c:30:31: error: 'ModbusMaster' has no member named 'DE_Port'; did you mean 'EN_Port'?
   30 |     HAL_GPIO_WritePin(modbus->DE_Port, modbus->DE_Pin, GPIO_PIN_RESET); // Disable transmit
      |                               ^~~~~~~
      |                               EN_Port
../Core/Src/modbusMaster.c:30:48: error: 'ModbusMaster' has no member named 'DE_Pin'; did you mean 'EN_Pin'?
   30 |     HAL_GPIO_WritePin(modbus->DE_Port, modbus->DE_Pin, GPIO_PIN_RESET); // Disable transmit
      |                                                ^~~~~~
      |                                                EN_Pin
../Core/Src/main.c: In function 'main':
../Core/Src/main.c:112:3: warning: implicit declaration of function 'ModbusMaster_Init'; did you mean 'Modbus_Init'? [-Wimplicit-function-declaration]
  112 |   ModbusMaster_Init(&hmodbus, &huart1, RS485_EN_GPIO_Port, RS485_EN_Pin);
      |   ^~~~~~~~~~~~~~~~~
      |   Modbus_Init
make: *** [Core/Src/subdir.mk:40: Core/Src/modbusMaster.o] Error 1
make: *** Waiting for unfinished jobs....
"make -j16 all" terminated with exit code 2. Build might be incomplete.
15:18:02 **** Incremental Build of configuration Debug for project ModbusRTU_AWS ****
make -j16 all 
arm-none-eabi-gcc "../Core/Src/modbusMaster.c" -mcpu=cortex-m4 -std=gnu11 -g3 -DDEBUG -DUSE_HAL_DRIVER -DSTM32F407xx -c -I../Core/Inc -I../Drivers/STM32F4xx_HAL_Driver/Inc -I../Drivers/STM32F4xx_HAL_Driver/Inc/Legacy -I../Drivers/CMSIS/Device/ST/STM32F4xx/Include -I../Drivers/CMSIS/Include -O0 -ffunction-sections -fdata-sections -Wall -fstack-usage -fcyclomatic-complexity -MMD -MP -MF"Core/Src/modbusMaster.d" -MT"Core/Src/modbusMaster.o" --specs=nano.specs -mfpu=fpv4-sp-d16 -mfloat-abi=hard -mthumb -o "Core/Src/modbusMaster.o"
arm-none-eabi-gcc -o "ModbusRTU_AWS.elf" @"objects.list"   -mcpu=cortex-m4 -T"C:\Users\Mohamad\Documents\GitHub\STM32_Industrial\ModbusRTU_AWS\STM32F407ZGTX_FLASH.ld" --specs=nosys.specs -Wl,-Map="ModbusRTU_AWS.map" -Wl,--gc-sections -static --specs=nano.specs -mfpu=fpv4-sp-d16 -mfloat-abi=hard -mthumb -Wl,--start-group -lc -lm -Wl,--end-group
C:/ST/STM32CubeIDE_1.17.0/STM32CubeIDE/plugins/com.st.stm32cube.ide.mcu.externaltools.gnu-tools-for-stm32.12.3.rel1.win32_1.1.0.202410251130/tools/bin/../lib/gcc/arm-none-eabi/12.3.1/../../../../arm-none-eabi/bin/ld.exe: ./Core/Src/main.o: in function `main':
C:/Users/Mohamad/Documents/GitHub/STM32_Industrial/ModbusRTU_AWS/Debug/../Core/Src/main.c:112: undefined reference to `ModbusMaster_Init'
collect2.exe: error: ld returned 1 exit status
make: *** [makefile:64: ModbusRTU_AWS.elf] Error 1
"make -j16 all" terminated with exit code 2. Build might be incomplete.
15:18:28 **** Incremental Build of configuration Debug for project ModbusRTU_AWS ****
make -j16 all 
arm-none-eabi-gcc "../Core/Src/main.c" -mcpu=cortex-m4 -std=gnu11 -g3 -DDEBUG -DUSE_HAL_DRIVER -DSTM32F407xx -c -I../Core/Inc -I../Drivers/STM32F4xx_HAL_Driver/Inc -I../Drivers/STM32F4xx_HAL_Driver/Inc/Legacy -I../Drivers/CMSIS/Device/ST/STM32F4xx/Include -I../Drivers/CMSIS/Include -O0 -ffunction-sections -fdata-sections -Wall -fstack-usage -fcyclomatic-complexity -MMD -MP -MF"Core/Src/main.d" -MT"Core/Src/main.o" --specs=nano.specs -mfpu=fpv4-sp-d16 -mfloat-abi=hard -mthumb -o "Core/Src/main.o"
arm-none-eabi-gcc -o "ModbusRTU_AWS.elf" @"objects.list"   -mcpu=cortex-m4 -T"C:\Users\Mohamad\Documents\GitHub\STM32_Industrial\ModbusRTU_AWS\STM32F407ZGTX_FLASH.ld" --specs=nosys.specs -Wl,-Map="ModbusRTU_AWS.map" -Wl,--gc-sections -static --specs=nano.specs -mfpu=fpv4-sp-d16 -mfloat-abi=hard -mthumb -Wl,--start-group -lc -lm -Wl,--end-group
Finished building target: ModbusRTU_AWS.elf
 
arm-none-eabi-size  ModbusRTU_AWS.elf 
arm-none-eabi-objdump -h -S ModbusRTU_AWS.elf  > "ModbusRTU_AWS.list"
   text	   data	    bss	    dec	    hex	filename
  13356	     12	   2708	  16076	   3ecc	ModbusRTU_AWS.elf
Finished building: default.size.stdout
 
Finished building: ModbusRTU_AWS.list
 
15:37:06 **** Incremental Build of configuration Debug for project ModbusRTU_AWS ****
make -j16 all 
arm-none-eabi-gcc "../Core/Src/main.c" -mcpu=cortex-m4 -std=gnu11 -g3 -DDEBUG -DUSE_HAL_DRIVER -DSTM32F407xx -c -I../Core/Inc -I../Drivers/STM32F4xx_HAL_Driver/Inc -I../Drivers/STM32F4xx_HAL_Driver/Inc/Legacy -I../Drivers/CMSIS/Device/ST/STM32F4xx/Include -I../Drivers/CMSIS/Include -O0 -ffunction-sections -fdata-sections -Wall -fstack-usage -fcyclomatic-complexity -MMD -MP -MF"Core/Src/main.d" -MT"Core/Src/main.o" --specs=nano.specs -mfpu=fpv4-sp-d16 -mfloat-abi=hard -mthumb -o "Core/Src/main.o"
../Core/Src/main.c: In function 'main':
../Core/Src/main.c:137:79: warning: passing argument 5 of 'Modbus_WriteMultipleCoils' from incompatible pointer type [-Wincompatible-pointer-types]
  137 |         ModbusStatus status = Modbus_WriteMultipleCoils(&hmodbus, 1, 1281, 2, holdingreg);
      |                                                                               ^~~~~~~~~~
      |                                                                               |
      |                                                                               uint16_t * {aka short unsigned int *}
In file included from ../Core/Src/main.c:25:
../Core/Inc/modbusMaster.h:55:136: note: expected 'const uint8_t *' {aka 'const unsigned char *'} but argument is of type 'uint16_t *' {aka 'short unsigned int *'}
   55 | ModbusStatus Modbus_WriteMultipleCoils(ModbusMaster* modbus, uint8_t slaveID, uint16_t startAddress, uint16_t quantity, const uint8_t* values);
      |                                                                                                                         ~~~~~~~~~~~~~~~^~~~~~
arm-none-eabi-gcc -o "ModbusRTU_AWS.elf" @"objects.list"   -mcpu=cortex-m4 -T"C:\Users\Mohamad\Documents\GitHub\STM32_Industrial\ModbusRTU_AWS\STM32F407ZGTX_FLASH.ld" --specs=nosys.specs -Wl,-Map="ModbusRTU_AWS.map" -Wl,--gc-sections -static --specs=nano.specs -mfpu=fpv4-sp-d16 -mfloat-abi=hard -mthumb -Wl,--start-group -lc -lm -Wl,--end-group
Finished building target: ModbusRTU_AWS.elf
 
arm-none-eabi-size  ModbusRTU_AWS.elf 
arm-none-eabi-objdump -h -S ModbusRTU_AWS.elf  > "ModbusRTU_AWS.list"
   text	   data	    bss	    dec	    hex	filename
  15316	     12	   2708	  18036	   4674	ModbusRTU_AWS.elf
Finished building: default.size.stdout
 
Finished building: ModbusRTU_AWS.list
 
15:38:11 **** Incremental Build of configuration Debug for project ModbusRTU_AWS ****
make -j16 all 
arm-none-eabi-gcc "../Core/Src/main.c" -mcpu=cortex-m4 -std=gnu11 -g3 -DDEBUG -DUSE_HAL_DRIVER -DSTM32F407xx -c -I../Core/Inc -I../Drivers/STM32F4xx_HAL_Driver/Inc -I../Drivers/STM32F4xx_HAL_Driver/Inc/Legacy -I../Drivers/CMSIS/Device/ST/STM32F4xx/Include -I../Drivers/CMSIS/Include -O0 -ffunction-sections -fdata-sections -Wall -fstack-usage -fcyclomatic-complexity -MMD -MP -MF"Core/Src/main.d" -MT"Core/Src/main.o" --specs=nano.specs -mfpu=fpv4-sp-d16 -mfloat-abi=hard -mthumb -o "Core/Src/main.o"
arm-none-eabi-gcc -o "ModbusRTU_AWS.elf" @"objects.list"   -mcpu=cortex-m4 -T"C:\Users\Mohamad\Documents\GitHub\STM32_Industrial\ModbusRTU_AWS\STM32F407ZGTX_FLASH.ld" --specs=nosys.specs -Wl,-Map="ModbusRTU_AWS.map" -Wl,--gc-sections -static --specs=nano.specs -mfpu=fpv4-sp-d16 -mfloat-abi=hard -mthumb -Wl,--start-group -lc -lm -Wl,--end-group
Finished building target: ModbusRTU_AWS.elf
 
arm-none-eabi-size  ModbusRTU_AWS.elf 
arm-none-eabi-objdump -h -S ModbusRTU_AWS.elf  > "ModbusRTU_AWS.list"
   text	   data	    bss	    dec	    hex	filename
  15316	     12	   2708	  18036	   4674	ModbusRTU_AWS.elf
Finished building: default.size.stdout
 
Finished building: ModbusRTU_AWS.list
 
15:38:19 **** Incremental Build of configuration Debug for project ModbusRTU_AWS ****
make -j16 all 
arm-none-eabi-size  ModbusRTU_AWS.elf 
   text	   data	    bss	    dec	    hex	filename
  15316	     12	   2708	  18036	   4674	ModbusRTU_AWS.elf
Finished building: default.size.stdout
 
15:40:21 **** Incremental Build of configuration Debug for project ModbusRTU_AWS ****
make -j16 all 
arm-none-eabi-gcc "../Core/Src/main.c" -mcpu=cortex-m4 -std=gnu11 -g3 -DDEBUG -DUSE_HAL_DRIVER -DSTM32F407xx -c -I../Core/Inc -I../Drivers/STM32F4xx_HAL_Driver/Inc -I../Drivers/STM32F4xx_HAL_Driver/Inc/Legacy -I../Drivers/CMSIS/Device/ST/STM32F4xx/Include -I../Drivers/CMSIS/Include -O0 -ffunction-sections -fdata-sections -Wall -fstack-usage -fcyclomatic-complexity -MMD -MP -MF"Core/Src/main.d" -MT"Core/Src/main.o" --specs=nano.specs -mfpu=fpv4-sp-d16 -mfloat-abi=hard -mthumb -o "Core/Src/main.o"
arm-none-eabi-gcc -o "ModbusRTU_AWS.elf" @"objects.list"   -mcpu=cortex-m4 -T"C:\Users\Mohamad\Documents\GitHub\STM32_Industrial\ModbusRTU_AWS\STM32F407ZGTX_FLASH.ld" --specs=nosys.specs -Wl,-Map="ModbusRTU_AWS.map" -Wl,--gc-sections -static --specs=nano.specs -mfpu=fpv4-sp-d16 -mfloat-abi=hard -mthumb -Wl,--start-group -lc -lm -Wl,--end-group
Finished building target: ModbusRTU_AWS.elf
 
arm-none-eabi-size  ModbusRTU_AWS.elf 
arm-none-eabi-objdump -h -S ModbusRTU_AWS.elf  > "ModbusRTU_AWS.list"
   text	   data	    bss	    dec	    hex	filename
  15316	     12	   2708	  18036	   4674	ModbusRTU_AWS.elf
Finished building: default.size.stdout
 
Finished building: ModbusRTU_AWS.list
 
15:41:12 **** Incremental Build of configuration Debug for project ModbusRTU_AWS ****
make -j16 all 
arm-none-eabi-size  ModbusRTU_AWS.elf 
   text	   data	    bss	    dec	    hex	filename
  15316	     12	   2708	  18036	   4674	ModbusRTU_AWS.elf
Finished building: default.size.stdout
 
15:48:14 **** Incremental Build of configuration Debug for project ModbusRTU_AWS ****
make -j16 all 
arm-none-eabi-gcc "../Core/Src/main.c" -mcpu=cortex-m4 -std=gnu11 -g3 -DDEBUG -DUSE_HAL_DRIVER -DSTM32F407xx -c -I../Core/Inc -I../Drivers/STM32F4xx_HAL_Driver/Inc -I../Drivers/STM32F4xx_HAL_Driver/Inc/Legacy -I../Drivers/CMSIS/Device/ST/STM32F4xx/Include -I../Drivers/CMSIS/Include -O0 -ffunction-sections -fdata-sections -Wall -fstack-usage -fcyclomatic-complexity -MMD -MP -MF"Core/Src/main.d" -MT"Core/Src/main.o" --specs=nano.specs -mfpu=fpv4-sp-d16 -mfloat-abi=hard -mthumb -o "Core/Src/main.o"
arm-none-eabi-gcc "../Core/Src/modbusMaster.c" -mcpu=cortex-m4 -std=gnu11 -g3 -DDEBUG -DUSE_HAL_DRIVER -DSTM32F407xx -c -I../Core/Inc -I../Drivers/STM32F4xx_HAL_Driver/Inc -I../Drivers/STM32F4xx_HAL_Driver/Inc/Legacy -I../Drivers/CMSIS/Device/ST/STM32F4xx/Include -I../Drivers/CMSIS/Include -O0 -ffunction-sections -fdata-sections -Wall -fstack-usage -fcyclomatic-complexity -MMD -MP -MF"Core/Src/modbusMaster.d" -MT"Core/Src/modbusMaster.o" --specs=nano.specs -mfpu=fpv4-sp-d16 -mfloat-abi=hard -mthumb -o "Core/Src/modbusMaster.o"
../Core/Src/main.c: In function 'main':
../Core/Src/main.c:137:79: warning: passing argument 5 of 'Modbus_WriteMultipleCoils' from incompatible pointer type [-Wincompatible-pointer-types]
  137 |         ModbusStatus status = Modbus_WriteMultipleCoils(&hmodbus, 1, 1281, 2, holdingreg);
      |                                                                               ^~~~~~~~~~
      |                                                                               |
      |                                                                               uint8_t * {aka unsigned char *}
In file included from ../Core/Src/main.c:25:
../Core/Inc/modbusMaster.h:55:137: note: expected 'const uint16_t *' {aka 'const short unsigned int *'} but argument is of type 'uint8_t *' {aka 'unsigned char *'}
   55 | ModbusStatus Modbus_WriteMultipleCoils(ModbusMaster* modbus, uint8_t slaveID, uint16_t startAddress, uint16_t quantity, const uint16_t* values);
      |                                                                                                                         ~~~~~~~~~~~~~~~~^~~~~~
arm-none-eabi-gcc -o "ModbusRTU_AWS.elf" @"objects.list"   -mcpu=cortex-m4 -T"C:\Users\Mohamad\Documents\GitHub\STM32_Industrial\ModbusRTU_AWS\STM32F407ZGTX_FLASH.ld" --specs=nosys.specs -Wl,-Map="ModbusRTU_AWS.map" -Wl,--gc-sections -static --specs=nano.specs -mfpu=fpv4-sp-d16 -mfloat-abi=hard -mthumb -Wl,--start-group -lc -lm -Wl,--end-group
Finished building target: ModbusRTU_AWS.elf
 
arm-none-eabi-size  ModbusRTU_AWS.elf 
arm-none-eabi-objdump -h -S ModbusRTU_AWS.elf  > "ModbusRTU_AWS.list"
   text	   data	    bss	    dec	    hex	filename
  15320	     12	   2708	  18040	   4678	ModbusRTU_AWS.elf
Finished building: default.size.stdout
 
Finished building: ModbusRTU_AWS.list
 
15:48:28 **** Incremental Build of configuration Debug for project ModbusRTU_AWS ****
make -j16 all 
arm-none-eabi-gcc "../Core/Src/main.c" -mcpu=cortex-m4 -std=gnu11 -g3 -DDEBUG -DUSE_HAL_DRIVER -DSTM32F407xx -c -I../Core/Inc -I../Drivers/STM32F4xx_HAL_Driver/Inc -I../Drivers/STM32F4xx_HAL_Driver/Inc/Legacy -I../Drivers/CMSIS/Device/ST/STM32F4xx/Include -I../Drivers/CMSIS/Include -O0 -ffunction-sections -fdata-sections -Wall -fstack-usage -fcyclomatic-complexity -MMD -MP -MF"Core/Src/main.d" -MT"Core/Src/main.o" --specs=nano.specs -mfpu=fpv4-sp-d16 -mfloat-abi=hard -mthumb -o "Core/Src/main.o"
arm-none-eabi-gcc -o "ModbusRTU_AWS.elf" @"objects.list"   -mcpu=cortex-m4 -T"C:\Users\Mohamad\Documents\GitHub\STM32_Industrial\ModbusRTU_AWS\STM32F407ZGTX_FLASH.ld" --specs=nosys.specs -Wl,-Map="ModbusRTU_AWS.map" -Wl,--gc-sections -static --specs=nano.specs -mfpu=fpv4-sp-d16 -mfloat-abi=hard -mthumb -Wl,--start-group -lc -lm -Wl,--end-group
Finished building target: ModbusRTU_AWS.elf
 
arm-none-eabi-size  ModbusRTU_AWS.elf 
arm-none-eabi-objdump -h -S ModbusRTU_AWS.elf  > "ModbusRTU_AWS.list"
   text	   data	    bss	    dec	    hex	filename
  15320	     12	   2708	  18040	   4678	ModbusRTU_AWS.elf
Finished building: default.size.stdout
 
Finished building: ModbusRTU_AWS.list
 
15:48:31 **** Incremental Build of configuration Debug for project ModbusRTU_AWS ****
make -j16 all 
arm-none-eabi-size  ModbusRTU_AWS.elf 
   text	   data	    bss	    dec	    hex	filename
  15320	     12	   2708	  18040	   4678	ModbusRTU_AWS.elf
Finished building: default.size.stdout
 
15:54:47 **** Incremental Build of configuration Debug for project ModbusRTU_AWS ****
make -j16 all 
arm-none-eabi-gcc "../Core/Src/main.c" -mcpu=cortex-m4 -std=gnu11 -g3 -DDEBUG -DUSE_HAL_DRIVER -DSTM32F407xx -c -I../Core/Inc -I../Drivers/STM32F4xx_HAL_Driver/Inc -I../Drivers/STM32F4xx_HAL_Driver/Inc/Legacy -I../Drivers/CMSIS/Device/ST/STM32F4xx/Include -I../Drivers/CMSIS/Include -O0 -ffunction-sections -fdata-sections -Wall -fstack-usage -fcyclomatic-complexity -MMD -MP -MF"Core/Src/main.d" -MT"Core/Src/main.o" --specs=nano.specs -mfpu=fpv4-sp-d16 -mfloat-abi=hard -mthumb -o "Core/Src/main.o"
arm-none-eabi-gcc -o "ModbusRTU_AWS.elf" @"objects.list"   -mcpu=cortex-m4 -T"C:\Users\Mohamad\Documents\GitHub\STM32_Industrial\ModbusRTU_AWS\STM32F407ZGTX_FLASH.ld" --specs=nosys.specs -Wl,-Map="ModbusRTU_AWS.map" -Wl,--gc-sections -static --specs=nano.specs -mfpu=fpv4-sp-d16 -mfloat-abi=hard -mthumb -Wl,--start-group -lc -lm -Wl,--end-group
Finished building target: ModbusRTU_AWS.elf
 
arm-none-eabi-size  ModbusRTU_AWS.elf 
arm-none-eabi-objdump -h -S ModbusRTU_AWS.elf  > "ModbusRTU_AWS.list"
   text	   data	    bss	    dec	    hex	filename
  15320	     12	   2708	  18040	   4678	ModbusRTU_AWS.elf
Finished building: default.size.stdout
 
Finished building: ModbusRTU_AWS.list
 
15:54:56 **** Incremental Build of configuration Debug for project ModbusRTU_AWS ****
make -j16 all 
arm-none-eabi-size  ModbusRTU_AWS.elf 
   text	   data	    bss	    dec	    hex	filename
  15320	     12	   2708	  18040	   4678	ModbusRTU_AWS.elf
Finished building: default.size.stdout
 
15:56:02 **** Incremental Build of configuration Debug for project ModbusRTU_AWS ****
make -j16 all 
arm-none-eabi-gcc "../Core/Src/main.c" -mcpu=cortex-m4 -std=gnu11 -g3 -DDEBUG -DUSE_HAL_DRIVER -DSTM32F407xx -c -I../Core/Inc -I../Drivers/STM32F4xx_HAL_Driver/Inc -I../Drivers/STM32F4xx_HAL_Driver/Inc/Legacy -I../Drivers/CMSIS/Device/ST/STM32F4xx/Include -I../Drivers/CMSIS/Include -O0 -ffunction-sections -fdata-sections -Wall -fstack-usage -fcyclomatic-complexity -MMD -MP -MF"Core/Src/main.d" -MT"Core/Src/main.o" --specs=nano.specs -mfpu=fpv4-sp-d16 -mfloat-abi=hard -mthumb -o "Core/Src/main.o"
arm-none-eabi-gcc -o "ModbusRTU_AWS.elf" @"objects.list"   -mcpu=cortex-m4 -T"C:\Users\Mohamad\Documents\GitHub\STM32_Industrial\ModbusRTU_AWS\STM32F407ZGTX_FLASH.ld" --specs=nosys.specs -Wl,-Map="ModbusRTU_AWS.map" -Wl,--gc-sections -static --specs=nano.specs -mfpu=fpv4-sp-d16 -mfloat-abi=hard -mthumb -Wl,--start-group -lc -lm -Wl,--end-group
Finished building target: ModbusRTU_AWS.elf
 
arm-none-eabi-size  ModbusRTU_AWS.elf 
arm-none-eabi-objdump -h -S ModbusRTU_AWS.elf  > "ModbusRTU_AWS.list"
   text	   data	    bss	    dec	    hex	filename
  15320	     12	   2708	  18040	   4678	ModbusRTU_AWS.elf
Finished building: default.size.stdout
 
Finished building: ModbusRTU_AWS.list
 
16:00:53 **** Incremental Build of configuration Debug for project ModbusRTU_AWS ****
make -j16 all 
arm-none-eabi-gcc "../Core/Src/main.c" -mcpu=cortex-m4 -std=gnu11 -g3 -DDEBUG -DUSE_HAL_DRIVER -DSTM32F407xx -c -I../Core/Inc -I../Drivers/STM32F4xx_HAL_Driver/Inc -I../Drivers/STM32F4xx_HAL_Driver/Inc/Legacy -I../Drivers/CMSIS/Device/ST/STM32F4xx/Include -I../Drivers/CMSIS/Include -O0 -ffunction-sections -fdata-sections -Wall -fstack-usage -fcyclomatic-complexity -MMD -MP -MF"Core/Src/main.d" -MT"Core/Src/main.o" --specs=nano.specs -mfpu=fpv4-sp-d16 -mfloat-abi=hard -mthumb -o "Core/Src/main.o"
arm-none-eabi-gcc "../Core/Src/modbusMaster.c" -mcpu=cortex-m4 -std=gnu11 -g3 -DDEBUG -DUSE_HAL_DRIVER -DSTM32F407xx -c -I../Core/Inc -I../Drivers/STM32F4xx_HAL_Driver/Inc -I../Drivers/STM32F4xx_HAL_Driver/Inc/Legacy -I../Drivers/CMSIS/Device/ST/STM32F4xx/Include -I../Drivers/CMSIS/Include -O0 -ffunction-sections -fdata-sections -Wall -fstack-usage -fcyclomatic-complexity -MMD -MP -MF"Core/Src/modbusMaster.d" -MT"Core/Src/modbusMaster.o" --specs=nano.specs -mfpu=fpv4-sp-d16 -mfloat-abi=hard -mthumb -o "Core/Src/modbusMaster.o"
arm-none-eabi-gcc -o "ModbusRTU_AWS.elf" @"objects.list"   -mcpu=cortex-m4 -T"C:\Users\Mohamad\Documents\GitHub\STM32_Industrial\ModbusRTU_AWS\STM32F407ZGTX_FLASH.ld" --specs=nosys.specs -Wl,-Map="ModbusRTU_AWS.map" -Wl,--gc-sections -static --specs=nano.specs -mfpu=fpv4-sp-d16 -mfloat-abi=hard -mthumb -Wl,--start-group -lc -lm -Wl,--end-group
Finished building target: ModbusRTU_AWS.elf
 
arm-none-eabi-size  ModbusRTU_AWS.elf 
arm-none-eabi-objdump -h -S ModbusRTU_AWS.elf  > "ModbusRTU_AWS.list"
   text	   data	    bss	    dec	    hex	filename
  15316	     12	   2708	  18036	   4674	ModbusRTU_AWS.elf
Finished building: default.size.stdout
 
Finished building: ModbusRTU_AWS.list
 
16:00:57 **** Incremental Build of configuration Debug for project ModbusRTU_AWS ****
make -j16 all 
arm-none-eabi-size  ModbusRTU_AWS.elf 
   text	   data	    bss	    dec	    hex	filename
  15316	     12	   2708	  18036	   4674	ModbusRTU_AWS.elf
Finished building: default.size.stdout
 
16:03:23 **** Incremental Build of configuration Debug for project ModbusRTU_AWS ****
make -j16 all 
arm-none-eabi-size  ModbusRTU_AWS.elf 
   text	   data	    bss	    dec	    hex	filename
  15316	     12	   2708	  18036	   4674	ModbusRTU_AWS.elf
Finished building: default.size.stdout
 
16:12:34 **** Incremental Build of configuration Debug for project ModbusRTU_AWS ****
make -j16 all 
arm-none-eabi-gcc "../Core/Src/modbusMaster.c" -mcpu=cortex-m4 -std=gnu11 -g3 -DDEBUG -DUSE_HAL_DRIVER -DSTM32F407xx -c -I../Core/Inc -I../Drivers/STM32F4xx_HAL_Driver/Inc -I../Drivers/STM32F4xx_HAL_Driver/Inc/Legacy -I../Drivers/CMSIS/Device/ST/STM32F4xx/Include -I../Drivers/CMSIS/Include -O0 -ffunction-sections -fdata-sections -Wall -fstack-usage -fcyclomatic-complexity -MMD -MP -MF"Core/Src/modbusMaster.d" -MT"Core/Src/modbusMaster.o" --specs=nano.specs -mfpu=fpv4-sp-d16 -mfloat-abi=hard -mthumb -o "Core/Src/modbusMaster.o"
arm-none-eabi-gcc -o "ModbusRTU_AWS.elf" @"objects.list"   -mcpu=cortex-m4 -T"C:\Users\Mohamad\Documents\GitHub\STM32_Industrial\ModbusRTU_AWS\STM32F407ZGTX_FLASH.ld" --specs=nosys.specs -Wl,-Map="ModbusRTU_AWS.map" -Wl,--gc-sections -static --specs=nano.specs -mfpu=fpv4-sp-d16 -mfloat-abi=hard -mthumb -Wl,--start-group -lc -lm -Wl,--end-group
Finished building target: ModbusRTU_AWS.elf
 
arm-none-eabi-size  ModbusRTU_AWS.elf 
arm-none-eabi-objdump -h -S ModbusRTU_AWS.elf  > "ModbusRTU_AWS.list"
   text	   data	    bss	    dec	    hex	filename
  15304	     12	   2708	  18024	   4668	ModbusRTU_AWS.elf
Finished building: default.size.stdout
 
Finished building: ModbusRTU_AWS.list
 
16:12:41 **** Incremental Build of configuration Debug for project ModbusRTU_AWS ****
make -j16 all 
arm-none-eabi-size  ModbusRTU_AWS.elf 
   text	   data	    bss	    dec	    hex	filename
  15304	     12	   2708	  18024	   4668	ModbusRTU_AWS.elf
Finished building: default.size.stdout
 
16:17:57 **** Incremental Build of configuration Debug for project ModbusRTU_AWS ****
make -j16 all 
arm-none-eabi-gcc "../Core/Src/modbusMaster.c" -mcpu=cortex-m4 -std=gnu11 -g3 -DDEBUG -DUSE_HAL_DRIVER -DSTM32F407xx -c -I../Core/Inc -I../Drivers/STM32F4xx_HAL_Driver/Inc -I../Drivers/STM32F4xx_HAL_Driver/Inc/Legacy -I../Drivers/CMSIS/Device/ST/STM32F4xx/Include -I../Drivers/CMSIS/Include -O0 -ffunction-sections -fdata-sections -Wall -fstack-usage -fcyclomatic-complexity -MMD -MP -MF"Core/Src/modbusMaster.d" -MT"Core/Src/modbusMaster.o" --specs=nano.specs -mfpu=fpv4-sp-d16 -mfloat-abi=hard -mthumb -o "Core/Src/modbusMaster.o"
arm-none-eabi-gcc -o "ModbusRTU_AWS.elf" @"objects.list"   -mcpu=cortex-m4 -T"C:\Users\Mohamad\Documents\GitHub\STM32_Industrial\ModbusRTU_AWS\STM32F407ZGTX_FLASH.ld" --specs=nosys.specs -Wl,-Map="ModbusRTU_AWS.map" -Wl,--gc-sections -static --specs=nano.specs -mfpu=fpv4-sp-d16 -mfloat-abi=hard -mthumb -Wl,--start-group -lc -lm -Wl,--end-group
Finished building target: ModbusRTU_AWS.elf
 
arm-none-eabi-size  ModbusRTU_AWS.elf 
arm-none-eabi-objdump -h -S ModbusRTU_AWS.elf  > "ModbusRTU_AWS.list"
   text	   data	    bss	    dec	    hex	filename
  15316	     12	   2708	  18036	   4674	ModbusRTU_AWS.elf
Finished building: default.size.stdout
 
Finished building: ModbusRTU_AWS.list
 
16:19:32 **** Incremental Build of configuration Debug for project ModbusRTU_AWS ****
make -j16 all 
arm-none-eabi-gcc "../Core/Src/main.c" -mcpu=cortex-m4 -std=gnu11 -g3 -DDEBUG -DUSE_HAL_DRIVER -DSTM32F407xx -c -I../Core/Inc -I../Drivers/STM32F4xx_HAL_Driver/Inc -I../Drivers/STM32F4xx_HAL_Driver/Inc/Legacy -I../Drivers/CMSIS/Device/ST/STM32F4xx/Include -I../Drivers/CMSIS/Include -O0 -ffunction-sections -fdata-sections -Wall -fstack-usage -fcyclomatic-complexity -MMD -MP -MF"Core/Src/main.d" -MT"Core/Src/main.o" --specs=nano.specs -mfpu=fpv4-sp-d16 -mfloat-abi=hard -mthumb -o "Core/Src/main.o"
arm-none-eabi-gcc -o "ModbusRTU_AWS.elf" @"objects.list"   -mcpu=cortex-m4 -T"C:\Users\Mohamad\Documents\GitHub\STM32_Industrial\ModbusRTU_AWS\STM32F407ZGTX_FLASH.ld" --specs=nosys.specs -Wl,-Map="ModbusRTU_AWS.map" -Wl,--gc-sections -static --specs=nano.specs -mfpu=fpv4-sp-d16 -mfloat-abi=hard -mthumb -Wl,--start-group -lc -lm -Wl,--end-group
Finished building target: ModbusRTU_AWS.elf
 
arm-none-eabi-size  ModbusRTU_AWS.elf 
arm-none-eabi-objdump -h -S ModbusRTU_AWS.elf  > "ModbusRTU_AWS.list"
   text	   data	    bss	    dec	    hex	filename
  15348	     12	   2708	  18068	   4694	ModbusRTU_AWS.elf
Finished building: default.size.stdout
 
Finished building: ModbusRTU_AWS.list
 
16:19:38 **** Incremental Build of configuration Debug for project ModbusRTU_AWS ****
make -j16 all 
arm-none-eabi-size  ModbusRTU_AWS.elf 
   text	   data	    bss	    dec	    hex	filename
  15348	     12	   2708	  18068	   4694	ModbusRTU_AWS.elf
Finished building: default.size.stdout
 
16:26:15 **** Incremental Build of configuration Debug for project ModbusRTU_AWS ****
make -j16 all 
arm-none-eabi-gcc "../Core/Src/main.c" -mcpu=cortex-m4 -std=gnu11 -g3 -DDEBUG -DUSE_HAL_DRIVER -DSTM32F407xx -c -I../Core/Inc -I../Drivers/STM32F4xx_HAL_Driver/Inc -I../Drivers/STM32F4xx_HAL_Driver/Inc/Legacy -I../Drivers/CMSIS/Device/ST/STM32F4xx/Include -I../Drivers/CMSIS/Include -O0 -ffunction-sections -fdata-sections -Wall -fstack-usage -fcyclomatic-complexity -MMD -MP -MF"Core/Src/main.d" -MT"Core/Src/main.o" --specs=nano.specs -mfpu=fpv4-sp-d16 -mfloat-abi=hard -mthumb -o "Core/Src/main.o"
../Core/Src/main.c: In function 'main':
../Core/Src/main.c:143:18: error: redefinition of 'status'
  143 |     ModbusStatus status = Modbus_ReadHoldingRegisters(&modbus, 1, 4097, 2, holdingRegs);
      |                  ^~~~~~
../Core/Src/main.c:139:22: note: previous definition of 'status' with type 'ModbusStatus'
  139 |         ModbusStatus status = Modbus_WriteMultipleCoils(&hmodbus, 2, 1281, 2, holdingreg);
      |                      ^~~~~~
../Core/Src/main.c:143:56: error: 'modbus' undeclared (first use in this function); did you mean 'hmodbus'?
  143 |     ModbusStatus status = Modbus_ReadHoldingRegisters(&modbus, 1, 4097, 2, holdingRegs);
      |                                                        ^~~~~~
      |                                                        hmodbus
../Core/Src/main.c:143:56: note: each undeclared identifier is reported only once for each function it appears in
../Core/Src/main.c:144:5: warning: implicit declaration of function 'sprintf' [-Wimplicit-function-declaration]
  144 |     sprintf(TXRespons, "Response= %d", (uint32_t *)holdingRegs);
      |     ^~~~~~~
../Core/Src/main.c:26:1: note: include '<stdio.h>' or provide a declaration of 'sprintf'
   25 | #include "modbusMaster.h"
  +++ |+#include <stdio.h>
   26 | 
../Core/Src/main.c:144:5: warning: incompatible implicit declaration of built-in function 'sprintf' [-Wbuiltin-declaration-mismatch]
  144 |     sprintf(TXRespons, "Response= %d", (uint32_t *)holdingRegs);
      |     ^~~~~~~
../Core/Src/main.c:144:5: note: include '<stdio.h>' or provide a declaration of 'sprintf'
../Core/Src/main.c:144:36: warning: format '%d' expects argument of type 'int', but argument 3 has type 'uint32_t *' {aka 'long unsigned int *'} [-Wformat=]
  144 |     sprintf(TXRespons, "Response= %d", (uint32_t *)holdingRegs);
      |                                   ~^   ~~~~~~~~~~~~~~~~~~~~~~~
      |                                    |   |
      |                                    int uint32_t * {aka long unsigned int *}
      |                                   %ln
make: *** [Core/Src/subdir.mk:40: Core/Src/main.o] Error 1
"make -j16 all" terminated with exit code 2. Build might be incomplete.
16:27:04 **** Incremental Build of configuration Debug for project ModbusRTU_AWS ****
make -j16 all 
arm-none-eabi-gcc "../Core/Src/main.c" -mcpu=cortex-m4 -std=gnu11 -g3 -DDEBUG -DUSE_HAL_DRIVER -DSTM32F407xx -c -I../Core/Inc -I../Drivers/STM32F4xx_HAL_Driver/Inc -I../Drivers/STM32F4xx_HAL_Driver/Inc/Legacy -I../Drivers/CMSIS/Device/ST/STM32F4xx/Include -I../Drivers/CMSIS/Include -O0 -ffunction-sections -fdata-sections -Wall -fstack-usage -fcyclomatic-complexity -MMD -MP -MF"Core/Src/main.d" -MT"Core/Src/main.o" --specs=nano.specs -mfpu=fpv4-sp-d16 -mfloat-abi=hard -mthumb -o "Core/Src/main.o"
../Core/Src/main.c: In function 'main':
../Core/Src/main.c:144:43: error: 'modbus' undeclared (first use in this function); did you mean 'hmodbus'?
  144 |     status = Modbus_ReadHoldingRegisters(&modbus, 1, 4097, 2, holdingRegs);
      |                                           ^~~~~~
      |                                           hmodbus
../Core/Src/main.c:144:43: note: each undeclared identifier is reported only once for each function it appears in
../Core/Src/main.c:145:36: warning: format '%d' expects argument of type 'int', but argument 3 has type 'uint32_t *' {aka 'long unsigned int *'} [-Wformat=]
  145 |     sprintf(TXRespons, "Response= %d", (uint32_t *)holdingRegs);
      |                                   ~^   ~~~~~~~~~~~~~~~~~~~~~~~
      |                                    |   |
      |                                    int uint32_t * {aka long unsigned int *}
      |                                   %ln
make: *** [Core/Src/subdir.mk:40: Core/Src/main.o] Error 1
"make -j16 all" terminated with exit code 2. Build might be incomplete.
16:27:20 **** Incremental Build of configuration Debug for project ModbusRTU_AWS ****
make -j16 all 
arm-none-eabi-gcc "../Core/Src/main.c" -mcpu=cortex-m4 -std=gnu11 -g3 -DDEBUG -DUSE_HAL_DRIVER -DSTM32F407xx -c -I../Core/Inc -I../Drivers/STM32F4xx_HAL_Driver/Inc -I../Drivers/STM32F4xx_HAL_Driver/Inc/Legacy -I../Drivers/CMSIS/Device/ST/STM32F4xx/Include -I../Drivers/CMSIS/Include -O0 -ffunction-sections -fdata-sections -Wall -fstack-usage -fcyclomatic-complexity -MMD -MP -MF"Core/Src/main.d" -MT"Core/Src/main.o" --specs=nano.specs -mfpu=fpv4-sp-d16 -mfloat-abi=hard -mthumb -o "Core/Src/main.o"
../Core/Src/main.c: In function 'main':
../Core/Src/main.c:145:36: warning: format '%d' expects argument of type 'int', but argument 3 has type 'uint32_t *' {aka 'long unsigned int *'} [-Wformat=]
  145 |     sprintf(TXRespons, "Response= %d", (uint32_t *)holdingRegs);
      |                                   ~^   ~~~~~~~~~~~~~~~~~~~~~~~
      |                                    |   |
      |                                    int uint32_t * {aka long unsigned int *}
      |                                   %ln
../Core/Src/main.c:149:46: error: 'modbus' undeclared (first use in this function); did you mean 'hmodbus'?
  149 |         status = Modbus_WriteSingleRegister(&modbus, 1, 4097, 823);
      |                                              ^~~~~~
      |                                              hmodbus
../Core/Src/main.c:149:46: note: each undeclared identifier is reported only once for each function it appears in
make: *** [Core/Src/subdir.mk:40: Core/Src/main.o] Error 1
"make -j16 all" terminated with exit code 2. Build might be incomplete.
16:27:26 **** Incremental Build of configuration Debug for project ModbusRTU_AWS ****
make -j16 all 
arm-none-eabi-gcc "../Core/Src/main.c" -mcpu=cortex-m4 -std=gnu11 -g3 -DDEBUG -DUSE_HAL_DRIVER -DSTM32F407xx -c -I../Core/Inc -I../Drivers/STM32F4xx_HAL_Driver/Inc -I../Drivers/STM32F4xx_HAL_Driver/Inc/Legacy -I../Drivers/CMSIS/Device/ST/STM32F4xx/Include -I../Drivers/CMSIS/Include -O0 -ffunction-sections -fdata-sections -Wall -fstack-usage -fcyclomatic-complexity -MMD -MP -MF"Core/Src/main.d" -MT"Core/Src/main.o" --specs=nano.specs -mfpu=fpv4-sp-d16 -mfloat-abi=hard -mthumb -o "Core/Src/main.o"
../Core/Src/main.c: In function 'main':
../Core/Src/main.c:145:36: warning: format '%d' expects argument of type 'int', but argument 3 has type 'uint32_t *' {aka 'long unsigned int *'} [-Wformat=]
  145 |     sprintf(TXRespons, "Response= %d", (uint32_t *)holdingRegs);
      |                                   ~^   ~~~~~~~~~~~~~~~~~~~~~~~
      |                                    |   |
      |                                    int uint32_t * {aka long unsigned int *}
      |                                   %ln
arm-none-eabi-gcc -o "ModbusRTU_AWS.elf" @"objects.list"   -mcpu=cortex-m4 -T"C:\Users\Mohamad\Documents\GitHub\STM32_Industrial\ModbusRTU_AWS\STM32F407ZGTX_FLASH.ld" --specs=nosys.specs -Wl,-Map="ModbusRTU_AWS.map" -Wl,--gc-sections -static --specs=nano.specs -mfpu=fpv4-sp-d16 -mfloat-abi=hard -mthumb -Wl,--start-group -lc -lm -Wl,--end-group
Finished building target: ModbusRTU_AWS.elf
 
arm-none-eabi-size  ModbusRTU_AWS.elf 
arm-none-eabi-objdump -h -S ModbusRTU_AWS.elf  > "ModbusRTU_AWS.list"
   text	   data	    bss	    dec	    hex	filename
  18520	     92	   3044	  21656	   5498	ModbusRTU_AWS.elf
Finished building: default.size.stdout
 
Finished building: ModbusRTU_AWS.list
 
16:28:47 **** Incremental Build of configuration Debug for project ModbusRTU_AWS ****
make -j16 all 
arm-none-eabi-gcc "../Core/Src/main.c" -mcpu=cortex-m4 -std=gnu11 -g3 -DDEBUG -DUSE_HAL_DRIVER -DSTM32F407xx -c -I../Core/Inc -I../Drivers/STM32F4xx_HAL_Driver/Inc -I../Drivers/STM32F4xx_HAL_Driver/Inc/Legacy -I../Drivers/CMSIS/Device/ST/STM32F4xx/Include -I../Drivers/CMSIS/Include -O0 -ffunction-sections -fdata-sections -Wall -fstack-usage -fcyclomatic-complexity -MMD -MP -MF"Core/Src/main.d" -MT"Core/Src/main.o" --specs=nano.specs -mfpu=fpv4-sp-d16 -mfloat-abi=hard -mthumb -o "Core/Src/main.o"
../Core/Src/main.c: In function 'main':
../Core/Src/main.c:145:37: warning: format '%lu' expects argument of type 'long unsigned int', but argument 3 has type 'uint32_t *' {aka 'long unsigned int *'} [-Wformat=]
  145 |     sprintf(TXRespons, "Response= %lu\n", (uint32_t *)holdingRegs);
      |                                   ~~^     ~~~~~~~~~~~~~~~~~~~~~~~
      |                                     |     |
      |                                     |     uint32_t * {aka long unsigned int *}
      |                                     long unsigned int
      |                                   %ln
arm-none-eabi-gcc -o "ModbusRTU_AWS.elf" @"objects.list"   -mcpu=cortex-m4 -T"C:\Users\Mohamad\Documents\GitHub\STM32_Industrial\ModbusRTU_AWS\STM32F407ZGTX_FLASH.ld" --specs=nosys.specs -Wl,-Map="ModbusRTU_AWS.map" -Wl,--gc-sections -static --specs=nano.specs -mfpu=fpv4-sp-d16 -mfloat-abi=hard -mthumb -Wl,--start-group -lc -lm -Wl,--end-group
Finished building target: ModbusRTU_AWS.elf
 
arm-none-eabi-size  ModbusRTU_AWS.elf 
arm-none-eabi-objdump -h -S ModbusRTU_AWS.elf  > "ModbusRTU_AWS.list"
   text	   data	    bss	    dec	    hex	filename
  18520	     92	   3044	  21656	   5498	ModbusRTU_AWS.elf
Finished building: default.size.stdout
 
Finished building: ModbusRTU_AWS.list
 
16:29:36 **** Incremental Build of configuration Debug for project ModbusRTU_AWS ****
make -j16 all 
arm-none-eabi-size  ModbusRTU_AWS.elf 
   text	   data	    bss	    dec	    hex	filename
  18520	     92	   3044	  21656	   5498	ModbusRTU_AWS.elf
Finished building: default.size.stdout
 
16:30:15 **** Incremental Build of configuration Debug for project ModbusRTU_AWS ****
make -j16 all 
arm-none-eabi-gcc "../Core/Src/main.c" -mcpu=cortex-m4 -std=gnu11 -g3 -DDEBUG -DUSE_HAL_DRIVER -DSTM32F407xx -c -I../Core/Inc -I../Drivers/STM32F4xx_HAL_Driver/Inc -I../Drivers/STM32F4xx_HAL_Driver/Inc/Legacy -I../Drivers/CMSIS/Device/ST/STM32F4xx/Include -I../Drivers/CMSIS/Include -O0 -ffunction-sections -fdata-sections -Wall -fstack-usage -fcyclomatic-complexity -MMD -MP -MF"Core/Src/main.d" -MT"Core/Src/main.o" --specs=nano.specs -mfpu=fpv4-sp-d16 -mfloat-abi=hard -mthumb -o "Core/Src/main.o"
arm-none-eabi-gcc -o "ModbusRTU_AWS.elf" @"objects.list"   -mcpu=cortex-m4 -T"C:\Users\Mohamad\Documents\GitHub\STM32_Industrial\ModbusRTU_AWS\STM32F407ZGTX_FLASH.ld" --specs=nosys.specs -Wl,-Map="ModbusRTU_AWS.map" -Wl,--gc-sections -static --specs=nano.specs -mfpu=fpv4-sp-d16 -mfloat-abi=hard -mthumb -Wl,--start-group -lc -lm -Wl,--end-group
Finished building target: ModbusRTU_AWS.elf
 
arm-none-eabi-size  ModbusRTU_AWS.elf 
arm-none-eabi-objdump -h -S ModbusRTU_AWS.elf  > "ModbusRTU_AWS.list"
   text	   data	    bss	    dec	    hex	filename
  18520	     92	   3044	  21656	   5498	ModbusRTU_AWS.elf
Finished building: default.size.stdout
 
Finished building: ModbusRTU_AWS.list
 
16:30:17 **** Incremental Build of configuration Debug for project ModbusRTU_AWS ****
make -j16 all 
arm-none-eabi-size  ModbusRTU_AWS.elf 
   text	   data	    bss	    dec	    hex	filename
  18520	     92	   3044	  21656	   5498	ModbusRTU_AWS.elf
Finished building: default.size.stdout
 
16:31:42 **** Incremental Build of configuration Debug for project ModbusRTU_AWS ****
make -j16 all 
arm-none-eabi-gcc "../Core/Src/main.c" -mcpu=cortex-m4 -std=gnu11 -g3 -DDEBUG -DUSE_HAL_DRIVER -DSTM32F407xx -c -I../Core/Inc -I../Drivers/STM32F4xx_HAL_Driver/Inc -I../Drivers/STM32F4xx_HAL_Driver/Inc/Legacy -I../Drivers/CMSIS/Device/ST/STM32F4xx/Include -I../Drivers/CMSIS/Include -O0 -ffunction-sections -fdata-sections -Wall -fstack-usage -fcyclomatic-complexity -MMD -MP -MF"Core/Src/main.d" -MT"Core/Src/main.o" --specs=nano.specs -mfpu=fpv4-sp-d16 -mfloat-abi=hard -mthumb -o "Core/Src/main.o"
arm-none-eabi-gcc -o "ModbusRTU_AWS.elf" @"objects.list"   -mcpu=cortex-m4 -T"C:\Users\Mohamad\Documents\GitHub\STM32_Industrial\ModbusRTU_AWS\STM32F407ZGTX_FLASH.ld" --specs=nosys.specs -Wl,-Map="ModbusRTU_AWS.map" -Wl,--gc-sections -static --specs=nano.specs -mfpu=fpv4-sp-d16 -mfloat-abi=hard -mthumb -Wl,--start-group -lc -lm -Wl,--end-group
Finished building target: ModbusRTU_AWS.elf
 
arm-none-eabi-size  ModbusRTU_AWS.elf 
arm-none-eabi-objdump -h -S ModbusRTU_AWS.elf  > "ModbusRTU_AWS.list"
   text	   data	    bss	    dec	    hex	filename
  18540	     92	   3044	  21676	   54ac	ModbusRTU_AWS.elf
Finished building: default.size.stdout
 
Finished building: ModbusRTU_AWS.list
 
16:31:47 **** Incremental Build of configuration Debug for project ModbusRTU_AWS ****
make -j16 all 
arm-none-eabi-size  ModbusRTU_AWS.elf 
   text	   data	    bss	    dec	    hex	filename
  18540	     92	   3044	  21676	   54ac	ModbusRTU_AWS.elf
Finished building: default.size.stdout
 
16:32:50 **** Incremental Build of configuration Debug for project ModbusRTU_AWS ****
make -j16 all 
arm-none-eabi-gcc "../Core/Src/main.c" -mcpu=cortex-m4 -std=gnu11 -g3 -DDEBUG -DUSE_HAL_DRIVER -DSTM32F407xx -c -I../Core/Inc -I../Drivers/STM32F4xx_HAL_Driver/Inc -I../Drivers/STM32F4xx_HAL_Driver/Inc/Legacy -I../Drivers/CMSIS/Device/ST/STM32F4xx/Include -I../Drivers/CMSIS/Include -O0 -ffunction-sections -fdata-sections -Wall -fstack-usage -fcyclomatic-complexity -MMD -MP -MF"Core/Src/main.d" -MT"Core/Src/main.o" --specs=nano.specs -mfpu=fpv4-sp-d16 -mfloat-abi=hard -mthumb -o "Core/Src/main.o"
arm-none-eabi-gcc -o "ModbusRTU_AWS.elf" @"objects.list"   -mcpu=cortex-m4 -T"C:\Users\Mohamad\Documents\GitHub\STM32_Industrial\ModbusRTU_AWS\STM32F407ZGTX_FLASH.ld" --specs=nosys.specs -Wl,-Map="ModbusRTU_AWS.map" -Wl,--gc-sections -static --specs=nano.specs -mfpu=fpv4-sp-d16 -mfloat-abi=hard -mthumb -Wl,--start-group -lc -lm -Wl,--end-group
Finished building target: ModbusRTU_AWS.elf
 
arm-none-eabi-size  ModbusRTU_AWS.elf 
arm-none-eabi-objdump -h -S ModbusRTU_AWS.elf  > "ModbusRTU_AWS.list"
   text	   data	    bss	    dec	    hex	filename
  18540	     92	   3044	  21676	   54ac	ModbusRTU_AWS.elf
Finished building: default.size.stdout
 
Finished building: ModbusRTU_AWS.list
 
16:33:16 **** Incremental Build of configuration Debug for project ModbusRTU_AWS ****
make -j16 all 
arm-none-eabi-gcc "../Core/Src/main.c" -mcpu=cortex-m4 -std=gnu11 -g3 -DDEBUG -DUSE_HAL_DRIVER -DSTM32F407xx -c -I../Core/Inc -I../Drivers/STM32F4xx_HAL_Driver/Inc -I../Drivers/STM32F4xx_HAL_Driver/Inc/Legacy -I../Drivers/CMSIS/Device/ST/STM32F4xx/Include -I../Drivers/CMSIS/Include -O0 -ffunction-sections -fdata-sections -Wall -fstack-usage -fcyclomatic-complexity -MMD -MP -MF"Core/Src/main.d" -MT"Core/Src/main.o" --specs=nano.specs -mfpu=fpv4-sp-d16 -mfloat-abi=hard -mthumb -o "Core/Src/main.o"
arm-none-eabi-gcc -o "ModbusRTU_AWS.elf" @"objects.list"   -mcpu=cortex-m4 -T"C:\Users\Mohamad\Documents\GitHub\STM32_Industrial\ModbusRTU_AWS\STM32F407ZGTX_FLASH.ld" --specs=nosys.specs -Wl,-Map="ModbusRTU_AWS.map" -Wl,--gc-sections -static --specs=nano.specs -mfpu=fpv4-sp-d16 -mfloat-abi=hard -mthumb -Wl,--start-group -lc -lm -Wl,--end-group
Finished building target: ModbusRTU_AWS.elf
 
arm-none-eabi-size  ModbusRTU_AWS.elf 
arm-none-eabi-objdump -h -S ModbusRTU_AWS.elf  > "ModbusRTU_AWS.list"
   text	   data	    bss	    dec	    hex	filename
  18568	     92	   3044	  21704	   54c8	ModbusRTU_AWS.elf
Finished building: default.size.stdout
 
Finished building: ModbusRTU_AWS.list
 
16:33:22 **** Incremental Build of configuration Debug for project ModbusRTU_AWS ****
make -j16 all 
arm-none-eabi-size  ModbusRTU_AWS.elf 
   text	   data	    bss	    dec	    hex	filename
  18568	     92	   3044	  21704	   54c8	ModbusRTU_AWS.elf
Finished building: default.size.stdout
 
16:33:59 **** Incremental Build of configuration Debug for project ModbusRTU_AWS ****
make -j16 all 
arm-none-eabi-gcc "../Core/Src/main.c" -mcpu=cortex-m4 -std=gnu11 -g3 -DDEBUG -DUSE_HAL_DRIVER -DSTM32F407xx -c -I../Core/Inc -I../Drivers/STM32F4xx_HAL_Driver/Inc -I../Drivers/STM32F4xx_HAL_Driver/Inc/Legacy -I../Drivers/CMSIS/Device/ST/STM32F4xx/Include -I../Drivers/CMSIS/Include -O0 -ffunction-sections -fdata-sections -Wall -fstack-usage -fcyclomatic-complexity -MMD -MP -MF"Core/Src/main.d" -MT"Core/Src/main.o" --specs=nano.specs -mfpu=fpv4-sp-d16 -mfloat-abi=hard -mthumb -o "Core/Src/main.o"
arm-none-eabi-gcc -o "ModbusRTU_AWS.elf" @"objects.list"   -mcpu=cortex-m4 -T"C:\Users\Mohamad\Documents\GitHub\STM32_Industrial\ModbusRTU_AWS\STM32F407ZGTX_FLASH.ld" --specs=nosys.specs -Wl,-Map="ModbusRTU_AWS.map" -Wl,--gc-sections -static --specs=nano.specs -mfpu=fpv4-sp-d16 -mfloat-abi=hard -mthumb -Wl,--start-group -lc -lm -Wl,--end-group
Finished building target: ModbusRTU_AWS.elf
 
arm-none-eabi-size  ModbusRTU_AWS.elf 
arm-none-eabi-objdump -h -S ModbusRTU_AWS.elf  > "ModbusRTU_AWS.list"
   text	   data	    bss	    dec	    hex	filename
  18568	     92	   3044	  21704	   54c8	ModbusRTU_AWS.elf
Finished building: default.size.stdout
 
Finished building: ModbusRTU_AWS.list
 
16:34:06 **** Incremental Build of configuration Debug for project ModbusRTU_AWS ****
make -j16 all 
arm-none-eabi-size  ModbusRTU_AWS.elf 
   text	   data	    bss	    dec	    hex	filename
  18568	     92	   3044	  21704	   54c8	ModbusRTU_AWS.elf
Finished building: default.size.stdout
 
16:34:34 **** Incremental Build of configuration Debug for project ModbusRTU_AWS ****
make -j16 all 
arm-none-eabi-size  ModbusRTU_AWS.elf 
   text	   data	    bss	    dec	    hex	filename
  18568	     92	   3044	  21704	   54c8	ModbusRTU_AWS.elf
Finished building: default.size.stdout
 
16:35:39 **** Incremental Build of configuration Debug for project ModbusRTU_AWS ****
make -j16 all 
arm-none-eabi-gcc "../Core/Src/main.c" -mcpu=cortex-m4 -std=gnu11 -g3 -DDEBUG -DUSE_HAL_DRIVER -DSTM32F407xx -c -I../Core/Inc -I../Drivers/STM32F4xx_HAL_Driver/Inc -I../Drivers/STM32F4xx_HAL_Driver/Inc/Legacy -I../Drivers/CMSIS/Device/ST/STM32F4xx/Include -I../Drivers/CMSIS/Include -O0 -ffunction-sections -fdata-sections -Wall -fstack-usage -fcyclomatic-complexity -MMD -MP -MF"Core/Src/main.d" -MT"Core/Src/main.o" --specs=nano.specs -mfpu=fpv4-sp-d16 -mfloat-abi=hard -mthumb -o "Core/Src/main.o"
arm-none-eabi-gcc -o "ModbusRTU_AWS.elf" @"objects.list"   -mcpu=cortex-m4 -T"C:\Users\Mohamad\Documents\GitHub\STM32_Industrial\ModbusRTU_AWS\STM32F407ZGTX_FLASH.ld" --specs=nosys.specs -Wl,-Map="ModbusRTU_AWS.map" -Wl,--gc-sections -static --specs=nano.specs -mfpu=fpv4-sp-d16 -mfloat-abi=hard -mthumb -Wl,--start-group -lc -lm -Wl,--end-group
Finished building target: ModbusRTU_AWS.elf
 
arm-none-eabi-size  ModbusRTU_AWS.elf 
arm-none-eabi-objdump -h -S ModbusRTU_AWS.elf  > "ModbusRTU_AWS.list"
   text	   data	    bss	    dec	    hex	filename
  18568	     92	   3044	  21704	   54c8	ModbusRTU_AWS.elf
Finished building: default.size.stdout
 
Finished building: ModbusRTU_AWS.list
 
16:35:44 **** Incremental Build of configuration Debug for project ModbusRTU_AWS ****
make -j16 all 
arm-none-eabi-size  ModbusRTU_AWS.elf 
   text	   data	    bss	    dec	    hex	filename
  18568	     92	   3044	  21704	   54c8	ModbusRTU_AWS.elf
Finished building: default.size.stdout
 
16:36:19 **** Incremental Build of configuration Debug for project ModbusRTU_AWS ****
make -j16 all 
arm-none-eabi-gcc "../Core/Src/main.c" -mcpu=cortex-m4 -std=gnu11 -g3 -DDEBUG -DUSE_HAL_DRIVER -DSTM32F407xx -c -I../Core/Inc -I../Drivers/STM32F4xx_HAL_Driver/Inc -I../Drivers/STM32F4xx_HAL_Driver/Inc/Legacy -I../Drivers/CMSIS/Device/ST/STM32F4xx/Include -I../Drivers/CMSIS/Include -O0 -ffunction-sections -fdata-sections -Wall -fstack-usage -fcyclomatic-complexity -MMD -MP -MF"Core/Src/main.d" -MT"Core/Src/main.o" --specs=nano.specs -mfpu=fpv4-sp-d16 -mfloat-abi=hard -mthumb -o "Core/Src/main.o"
arm-none-eabi-gcc -o "ModbusRTU_AWS.elf" @"objects.list"   -mcpu=cortex-m4 -T"C:\Users\Mohamad\Documents\GitHub\STM32_Industrial\ModbusRTU_AWS\STM32F407ZGTX_FLASH.ld" --specs=nosys.specs -Wl,-Map="ModbusRTU_AWS.map" -Wl,--gc-sections -static --specs=nano.specs -mfpu=fpv4-sp-d16 -mfloat-abi=hard -mthumb -Wl,--start-group -lc -lm -Wl,--end-group
Finished building target: ModbusRTU_AWS.elf
 
arm-none-eabi-size  ModbusRTU_AWS.elf 
arm-none-eabi-objdump -h -S ModbusRTU_AWS.elf  > "ModbusRTU_AWS.list"
   text	   data	    bss	    dec	    hex	filename
  18572	     92	   3044	  21708	   54cc	ModbusRTU_AWS.elf
Finished building: default.size.stdout
 
Finished building: ModbusRTU_AWS.list
 
16:36:22 **** Incremental Build of configuration Debug for project ModbusRTU_AWS ****
make -j16 all 
arm-none-eabi-size  ModbusRTU_AWS.elf 
   text	   data	    bss	    dec	    hex	filename
  18572	     92	   3044	  21708	   54cc	ModbusRTU_AWS.elf
Finished building: default.size.stdout
 
